[2026-01-27 02:02:10] ======================================================================
[2026-01-27 02:02:10] MULTI-GPU SAE PIPELINE
[2026-01-27 02:02:10] ======================================================================
[2026-01-27 02:02:10] GPUs: [0, 1, 2, 3]
[2026-01-27 02:02:10] Phases: 3 to 3
[2026-01-27 02:02:10] Log: outputs/pipeline_logs/pipeline_20260127_020210.log

[2026-01-27 02:02:10] Checking prerequisites...
[2026-01-27 02:02:10]   ✓ Train: 3200 files
[2026-01-27 02:02:10]   ✓ Val: 400 files
[2026-01-27 02:02:10]   ✓ Test: 400 files
[2026-01-27 02:02:10]   ✓ Found 4 CUDA devices
[2026-01-27 02:02:10]     GPU 0: NVIDIA TITAN V
[2026-01-27 02:02:10]     GPU 1: NVIDIA TITAN V
[2026-01-27 02:02:10]     GPU 2: NVIDIA TITAN V
[2026-01-27 02:02:10]     GPU 3: NVIDIA TITAN V
[2026-01-27 02:02:10] ✓ All prerequisites met
[2026-01-27 02:02:10] 
======================================================================
[2026-01-27 02:02:10] PHASE 3a: SAE LATENT SPACE ABLATIONS
[2026-01-27 02:02:10] ======================================================================

[2026-01-27 02:02:11] Using best variant from Phase 2: topk
[2026-01-27 02:02:11] Running feature significance analysis for variant: topk
[2026-01-27 02:02:11] Running: analyze_feature_significance.py --variant topk --source-csv outputs/sae_config_comparison.csv
[2026-01-27 02:07:45] ✗ analyze_feature_significance.py failed
[2026-01-27 02:07:45] Error: 
Processing test graphs:   0%|          | 0/400 [00:00<?, ?it/s]
Processing test graphs:   0%|          | 1/400 [00:00<01:08,  5.80it/s]
Processing test graphs:   9%|▉         | 36/400 [00:00<00:02, 160.89it/s]
Processing test graphs:  19%|█▉        | 75/400 [00:00<00:01, 248.01it/s]
Processing test graphs:  26%|██▋       | 106/400 [00:00<00:01, 269.62it/s]
Processing test graphs:  34%|███▍      | 137/400 [00:00<00:00, 282.30it/s]
Processing test graphs:  42%|████▎     | 170/400 [00:00<00:00, 295.88it/s]
Processing test graphs:  52%|█████▏    | 208/400 [00:00<00:00, 320.10it/s]
Processing test graphs:  61%|██████▏   | 245/400 [00:00<00:00, 333.06it/s]
Processing test graphs:  71%|███████▏  | 285/400 [00:00<00:00, 352.44it/s]
Processing test graphs:  80%|████████  | 321/400 [00:01<00:00, 350.63it/s]
Processing test graphs:  89%|████████▉ | 357/400 [00:01<00:00, 332.60it/s]
Processing test graphs:  98%|█████████▊| 391/400 [00:01<00:00, 329.58it/s]
Processing test graphs: 100%|██████████| 400/400 [00:01<00:00, 297.32it/s]

Permutations:   0%|          | 0/1000 [00:00<?, ?it/s]
Permutations:   0%|          | 1/1000 [00:00<04:44,  3.52it/s]
Permutations:   0%|          | 2/1000 [00:00<05:24,  3.07it/s]
Permutations:   0%|          | 3/1000 [00:00<05:28,  3.04it/s]
Permutations:   0%|          | 4/1000 [00:01<05:30,  3.01it/s]
Permutations:   0%|          | 5/1000 [00:01<05:33,  2.99it/s]
Permutations:   1%|          | 6/1000 [00:01<05:32,  2.99it/s]
Permutations:   1%|          | 7/1000 [00:02<05:17,  3.13it/s]
Permutations:   1%|          | 8/1000 [00:02<05:02,  3.28it/s]
Permutations:   1%|          | 9/1000 [00:02<05:15,  3.14it/s]
Permutations:   1%|          | 10/1000 [00:03<05:24,  3.05it/s]
Permutations:   1%|          | 11/1000 [00:03<05:05,  3.24it/s]
Permutations:   1%|          | 12/1000 [00:03<05:08,  3.20it/s]
Permutations:   1%|▏         | 13/1000 [00:04<04:53,  3.36it/s]
Permutations:   1%|▏         | 14/1000 [00:04<04:56,  3.33it/s]
Permutations:   2%|▏         | 15/1000 [00:04<05:03,  3.24it/s]
Permutations:   2%|▏         | 16/1000 [00:05<05:11,  3.16it/s]
Permutations:   2%|▏         | 17/1000 [00:05<05:18,  3.08it/s]
Permutations:   2%|▏         | 18/1000 [00:05<05:24,  3.03it/s]
Permutations:   2%|▏         | 19/1000 [00:06<05:28,  2.99it/s]
Permutations:   2%|▏         | 20/1000 [00:06<05:28,  2.98it/s]
Permutations:   2%|▏         | 21/1000 [00:06<05:28,  2.98it/s]
Permutations:   2%|▏         | 22/1000 [00:07<05:31,  2.95it/s]
Permutations:   2%|▏         | 23/1000 [00:07<05:36,  2.91it/s]
Permutations:   2%|▏         | 24/1000 [00:07<05:35,  2.91it/s]
Permutations:   2%|▎         | 25/1000 [00:08<05:39,  2.88it/s]
Permutations:   3%|▎         | 26/1000 [00:08<05:37,  2.89it/s]
Permutations:   3%|▎         | 27/1000 [00:08<05:09,  3.15it/s]
Permutations:   3%|▎         | 28/1000 [00:09<05:06,  3.17it/s]
Permutations:   3%|▎         | 29/1000 [00:09<04:50,  3.34it/s]
Permutations:   3%|▎         | 30/1000 [00:09<04:54,  3.30it/s]
Permutations:   3%|▎         | 31/1000 [00:09<04:39,  3.46it/s]
Permutations:   3%|▎         | 32/1000 [00:10<04:34,  3.53it/s]
Permutations:   3%|▎         | 33/1000 [00:10<04:38,  3.47it/s]
Permutations:   3%|▎         | 34/1000 [00:10<04:41,  3.43it/s]
Permutations:   4%|▎         | 35/1000 [00:11<04:55,  3.27it/s]
Permutations:   4%|▎         | 36/1000 [00:11<05:04,  3.16it/s]
Permutations:   4%|▎         | 37/1000 [00:11<04:59,  3.21it/s]
Permutations:   4%|▍         | 38/1000 [00:12<05:01,  3.19it/s]
Permutations:   4%|▍         | 39/1000 [00:12<05:12,  3.07it/s]
Permutations:   4%|▍         | 40/1000 [00:12<05:25,  2.95it/s]
Permutations:   4%|▍         | 41/1000 [00:13<05:30,  2.90it/s]
Permutations:   4%|▍         | 42/1000 [00:13<05:30,  2.90it/s]
Permutations:   4%|▍         | 43/1000 [00:13<05:32,  2.88it/s]
Permutations:   4%|▍         | 44/1000 [00:14<05:14,  3.04it/s]
Permutations:   4%|▍         | 45/1000 [00:14<05:22,  2.96it/s]
Permutations:   5%|▍         | 46/1000 [00:14<05:26,  2.92it/s]
Permutations:   5%|▍         | 47/1000 [00:15<05:25,  2.93it/s]
Permutations:   5%|▍         | 48/1000 [00:15<05:26,  2.92it/s]
Permutations:   5%|▍         | 49/1000 [00:15<05:28,  2.90it/s]
Permutations:   5%|▌         | 50/1000 [00:16<05:18,  2.98it/s]
Permutations:   5%|▌         | 51/1000 [00:16<05:04,  3.11it/s]
Permutations:   5%|▌         | 52/1000 [00:16<05:10,  3.05it/s]
Permutations:   5%|▌         | 53/1000 [00:17<05:19,  2.97it/s]
Permutations:   5%|▌         | 54/1000 [00:17<05:24,  2.92it/s]
Permutations:   6%|▌         | 55/1000 [00:17<05:13,  3.02it/s]
Permutations:   6%|▌         | 56/1000 [00:18<05:07,  3.07it/s]
Permutations:   6%|▌         | 57/1000 [00:18<04:56,  3.18it/s]
Permutations:   6%|▌         | 58/1000 [00:18<04:47,  3.28it/s]
Permutations:   6%|▌         | 59/1000 [00:19<04:48,  3.26it/s]
Permutations:   6%|▌         | 60/1000 [00:19<04:29,  3.49it/s]
Permutations:   6%|▌         | 61/1000 [00:19<04:45,  3.29it/s]
Permutations:   6%|▌         | 62/1000 [00:19<05:00,  3.12it/s]
Permutations:   6%|▋         | 63/1000 [00:20<05:07,  3.05it/s]
Permutations:   6%|▋         | 64/1000 [00:20<05:13,  2.99it/s]
Permutations:   6%|▋         | 65/1000 [00:21<05:18,  2.93it/s]
Permutations:   7%|▋         | 66/1000 [00:21<05:20,  2.92it/s]
Permutations:   7%|▋         | 67/1000 [00:21<05:27,  2.85it/s]
Permutations:   7%|▋         | 68/1000 [00:22<05:23,  2.88it/s]
Permutations:   7%|▋         | 69/1000 [00:22<05:20,  2.90it/s]
Permutations:   7%|▋         | 70/1000 [00:22<05:14,  2.96it/s]
Permutations:   7%|▋         | 71/1000 [00:23<05:19,  2.91it/s]
Permutations:   7%|▋         | 72/1000 [00:23<05:20,  2.89it/s]
Permutations:   7%|▋         | 73/1000 [00:23<05:25,  2.85it/s]
Permutations:   7%|▋         | 74/1000 [00:24<05:29,  2.81it/s]
Permutations:   8%|▊         | 75/1000 [00:24<05:05,  3.03it/s]
Permutations:   8%|▊         | 76/1000 [00:24<05:30,  2.79it/s]
Permutations:   8%|▊         | 77/1000 [00:25<05:31,  2.78it/s]
Permutations:   8%|▊         | 78/1000 [00:25<05:31,  2.78it/s]
Permutations:   8%|▊         | 79/1000 [00:25<05:29,  2.79it/s]
Permutations:   8%|▊         | 80/1000 [00:26<05:29,  2.80it/s]
Permutations:   8%|▊         | 81/1000 [00:26<05:25,  2.83it/s]
Permutations:   8%|▊         | 82/1000 [00:27<05:23,  2.84it/s]
Permutations:   8%|▊         | 83/1000 [00:27<05:14,  2.92it/s]
Permutations:   8%|▊         | 84/1000 [00:27<05:09,  2.96it/s]
Permutations:   8%|▊         | 85/1000 [00:28<05:15,  2.90it/s]
Permutations:   9%|▊         | 86/1000 [00:28<05:16,  2.88it/s]
Permutations:   9%|▊         | 87/1000 [00:28<05:15,  2.90it/s]
Permutations:   9%|▉         | 88/1000 [00:29<05:23,  2.82it/s]
Permutations:   9%|▉         | 89/1000 [00:29<05:20,  2.84it/s]
Permutations:   9%|▉         | 90/1000 [00:29<04:54,  3.09it/s]
Permutations:   9%|▉         | 91/1000 [00:30<05:03,  3.00it/s]
Permutations:   9%|▉         | 92/1000 [00:30<05:11,  2.92it/s]
Permutations:   9%|▉         | 93/1000 [00:30<05:19,  2.84it/s]
Permutations:   9%|▉         | 94/1000 [00:31<05:23,  2.80it/s]
Permutations:  10%|▉         | 95/1000 [00:31<05:28,  2.76it/s]
Permutations:  10%|▉         | 96/1000 [00:31<05:28,  2.75it/s]
Permutations:  10%|▉         | 97/1000 [00:32<05:30,  2.73it/s]
Permutations:  10%|▉         | 98/1000 [00:32<05:29,  2.74it/s]
Permutations:  10%|▉         | 99/1000 [00:32<05:27,  2.75it/s]
Permutations:  10%|█         | 100/1000 [00:33<05:32,  2.71it/s]
Permutations:  10%|█         | 101/1000 [00:33<05:32,  2.70it/s]
Permutations:  10%|█         | 102/1000 [00:34<05:33,  2.70it/s]
Permutations:  10%|█         | 103/1000 [00:34<05:32,  2.70it/s]
Permutations:  10%|█         | 104/1000 [00:34<05:13,  2.86it/s]
Permutations:  10%|█         | 105/1000 [00:35<05:18,  2.81it/s]
Permutations:  11%|█         | 106/1000 [00:35<05:23,  2.76it/s]
Permutations:  11%|█         | 107/1000 [00:35<05:20,  2.79it/s]
Permutations:  11%|█         | 108/1000 [00:36<05:17,  2.81it/s]
Permutations:  11%|█         | 109/1000 [00:36<05:15,  2.82it/s]
Permutations:  11%|█         | 110/1000 [00:36<05:16,  2.81it/s]
Permutations:  11%|█         | 111/1000 [00:37<05:09,  2.87it/s]
Permutations:  11%|█         | 112/1000 [00:37<04:59,  2.97it/s]
Permutations:  11%|█▏        | 113/1000 [00:37<05:04,  2.92it/s]
Permutations:  11%|█▏        | 114/1000 [00:38<05:04,  2.91it/s]
Permutations:  12%|█▏        | 115/1000 [00:38<04:59,  2.96it/s]
Permutations:  12%|█▏        | 116/1000 [00:38<04:50,  3.04it/s]
Permutations:  12%|█▏        | 117/1000 [00:39<04:49,  3.05it/s]
Permutations:  12%|█▏        | 118/1000 [00:39<04:57,  2.96it/s]
Permutations:  12%|█▏        | 119/1000 [00:39<04:44,  3.10it/s]
Permutations:  12%|█▏        | 120/1000 [00:40<04:39,  3.15it/s]
Permutations:  12%|█▏        | 121/1000 [00:40<04:23,  3.34it/s]
Permutations:  12%|█▏        | 122/1000 [00:40<04:26,  3.29it/s]
Permutations:  12%|█▏        | 123/1000 [00:41<04:33,  3.21it/s]
Permutations:  12%|█▏        | 124/1000 [00:41<04:42,  3.10it/s]
Permutations:  12%|█▎        | 125/1000 [00:41<04:50,  3.01it/s]
Permutations:  13%|█▎        | 126/1000 [00:42<04:38,  3.14it/s]
Permutations:  13%|█▎        | 127/1000 [00:42<04:48,  3.02it/s]
Permutations:  13%|█▎        | 128/1000 [00:42<04:51,  2.99it/s]
Permutations:  13%|█▎        | 129/1000 [00:43<04:56,  2.93it/s]
Permutations:  13%|█▎        | 130/1000 [00:43<04:55,  2.95it/s]
Permutations:  13%|█▎        | 131/1000 [00:43<04:45,  3.05it/s]
Permutations:  13%|█▎        | 132/1000 [00:44<04:45,  3.04it/s]
Permutations:  13%|█▎        | 133/1000 [00:44<04:28,  3.23it/s]
Permutations:  13%|█▎        | 134/1000 [00:44<04:41,  3.08it/s]
Permutations:  14%|█▎        | 135/1000 [00:45<04:31,  3.19it/s]
Permutations:  14%|█▎        | 136/1000 [00:45<04:36,  3.13it/s]
Permutations:  14%|█▎        | 137/1000 [00:45<04:44,  3.03it/s]
Permutations:  14%|█▍        | 138/1000 [00:46<04:48,  2.99it/s]
Permutations:  14%|█▍        | 139/1000 [00:46<04:53,  2.94it/s]
Permutations:  14%|█▍        | 140/1000 [00:46<04:50,  2.96it/s]
Permutations:  14%|█▍        | 141/1000 [00:47<04:53,  2.93it/s]
Permutations:  14%|█▍        | 142/1000 [00:47<04:52,  2.93it/s]
Permutations:  14%|█▍        | 143/1000 [00:47<04:54,  2.91it/s]
Permutations:  14%|█▍        | 144/1000 [00:48<04:55,  2.89it/s]
Permutations:  14%|█▍        | 145/1000 [00:48<04:55,  2.89it/s]
Permutations:  15%|█▍        | 146/1000 [00:48<04:58,  2.86it/s]
Permutations:  15%|█▍        | 147/1000 [00:49<04:59,  2.85it/s]
Permutations:  15%|█▍        | 148/1000 [00:49<05:00,  2.84it/s]
Permutations:  15%|█▍        | 149/1000 [00:49<05:02,  2.82it/s]
Permutations:  15%|█▌        | 150/1000 [00:50<04:48,  2.95it/s]
Permutations:  15%|█▌        | 151/1000 [00:50<04:41,  3.01it/s]
Permutations:  15%|█▌        | 152/1000 [00:50<04:43,  2.99it/s]
Permutations:  15%|█▌        | 153/1000 [00:51<04:30,  3.14it/s]
Permutations:  15%|█▌        | 154/1000 [00:51<04:20,  3.24it/s]
Permutations:  16%|█▌        | 155/1000 [00:51<04:27,  3.15it/s]
Permutations:  16%|█▌        | 156/1000 [00:52<04:17,  3.28it/s]
Permutations:  16%|█▌        | 157/1000 [00:52<04:19,  3.25it/s]
Permutations:  16%|█▌        | 158/1000 [00:52<04:30,  3.11it/s]
Permutations:  16%|█▌        | 159/1000 [00:53<04:38,  3.02it/s]
Permutations:  16%|█▌        | 160/1000 [00:53<04:41,  2.98it/s]
Permutations:  16%|█▌        | 161/1000 [00:53<04:43,  2.96it/s]
Permutations:  16%|█▌        | 162/1000 [00:54<04:44,  2.94it/s]
Permutations:  16%|█▋        | 163/1000 [00:54<04:46,  2.92it/s]
Permutations:  16%|█▋        | 164/1000 [00:54<04:48,  2.90it/s]
Permutations:  16%|█▋        | 165/1000 [00:55<04:50,  2.87it/s]
Permutations:  17%|█▋        | 166/1000 [00:55<04:36,  3.02it/s]
Permutations:  17%|█▋        | 167/1000 [00:55<04:12,  3.30it/s]
Permutations:  17%|█▋        | 168/1000 [00:55<03:54,  3.56it/s]
Permutations:  17%|█▋        | 169/1000 [00:56<03:41,  3.75it/s]
Permutations:  17%|█▋        | 170/1000 [00:56<03:34,  3.88it/s]
Permutations:  17%|█▋        | 171/1000 [00:56<03:27,  4.00it/s]
Permutations:  17%|█▋        | 172/1000 [00:56<03:22,  4.09it/s]
Permutations:  17%|█▋        | 173/1000 [00:57<03:19,  4.16it/s]
Permutations:  17%|█▋        | 174/1000 [00:57<03:16,  4.20it/s]
Permutations:  18%|█▊        | 175/1000 [00:57<03:37,  3.79it/s]
Permutations:  18%|█▊        | 176/1000 [00:57<03:29,  3.94it/s]
Permutations:  18%|█▊        | 177/1000 [00:58<03:23,  4.05it/s]
Permutations:  18%|█▊        | 178/1000 [00:58<03:19,  4.13it/s]
Permutations:  18%|█▊        | 179/1000 [00:58<03:16,  4.18it/s]
Permutations:  18%|█▊        | 180/1000 [00:58<03:14,  4.22it/s]
Permutations:  18%|█▊        | 181/1000 [00:59<03:12,  4.25it/s]
Permutations:  18%|█▊        | 182/1000 [00:59<03:11,  4.27it/s]
Permutations:  18%|█▊        | 183/1000 [00:59<03:10,  4.28it/s]
Permutations:  18%|█▊        | 184/1000 [00:59<03:09,  4.30it/s]
Permutations:  18%|█▊        | 185/1000 [00:59<03:09,  4.31it/s]
Permutations:  19%|█▊        | 186/1000 [01:00<03:08,  4.31it/s]
Permutations:  19%|█▊        | 187/1000 [01:00<03:08,  4.30it/s]
Permutations:  19%|█▉        | 188/1000 [01:00<03:10,  4.27it/s]
Permutations:  19%|█▉        | 189/1000 [01:00<03:31,  3.83it/s]
Permutations:  19%|█▉        | 190/1000 [01:01<03:33,  3.80it/s]
Permutations:  19%|█▉        | 191/1000 [01:01<03:30,  3.84it/s]
Permutations:  19%|█▉        | 192/1000 [01:01<03:28,  3.87it/s]
Permutations:  19%|█▉        | 193/1000 [01:02<03:28,  3.87it/s]
Permutations:  19%|█▉        | 194/1000 [01:02<03:27,  3.89it/s]
Permutations:  20%|█▉        | 195/1000 [01:02<03:30,  3.83it/s]
Permutations:  20%|█▉        | 196/1000 [01:02<03:30,  3.82it/s]
Permutations:  20%|█▉        | 197/1000 [01:03<03:48,  3.52it/s]
Permutations:  20%|█▉        | 198/1000 [01:03<03:50,  3.49it/s]
Permutations:  20%|█▉        | 199/1000 [01:03<03:55,  3.40it/s]
Permutations:  20%|██        | 200/1000 [01:04<04:08,  3.22it/s]
Permutations:  20%|██        | 201/1000 [01:04<04:14,  3.14it/s]
Permutations:  20%|██        | 202/1000 [01:04<04:10,  3.19it/s]
Permutations:  20%|██        | 203/1000 [01:05<04:15,  3.13it/s]
Permutations:  20%|██        | 204/1000 [01:05<04:02,  3.28it/s]
Permutations:  20%|██        | 205/1000 [01:05<03:55,  3.38it/s]
Permutations:  21%|██        | 206/1000 [01:05<03:41,  3.59it/s]
Permutations:  21%|██        | 207/1000 [01:06<03:46,  3.50it/s]
Permutations:  21%|██        | 208/1000 [01:06<03:48,  3.47it/s]
Permutations:  21%|██        | 209/1000 [01:06<03:59,  3.30it/s]
Permutations:  21%|██        | 210/1000 [01:07<04:12,  3.13it/s]
Permutations:  21%|██        | 211/1000 [01:07<04:17,  3.07it/s]
Permutations:  21%|██        | 212/1000 [01:07<04:23,  2.99it/s]
Permutations:  21%|██▏       | 213/1000 [01:08<04:28,  2.93it/s]
Permutations:  21%|██▏       | 214/1000 [01:08<04:31,  2.89it/s]
Permutations:  22%|██▏       | 215/1000 [01:08<04:33,  2.87it/s]
Permutations:  22%|██▏       | 216/1000 [01:09<04:34,  2.86it/s]
Permutations:  22%|██▏       | 217/1000 [01:09<04:30,  2.89it/s]
Permutations:  22%|██▏       | 218/1000 [01:09<04:24,  2.96it/s]
Permutations:  22%|██▏       | 219/1000 [01:10<04:21,  2.99it/s]
Permutations:  22%|██▏       | 220/1000 [01:10<04:10,  3.11it/s]
Permutations:  22%|██▏       | 221/1000 [01:10<04:05,  3.17it/s]
Permutations:  22%|██▏       | 222/1000 [01:11<03:54,  3.32it/s]
Permutations:  22%|██▏       | 223/1000 [01:11<04:05,  3.17it/s]
Permutations:  22%|██▏       | 224/1000 [01:11<04:10,  3.10it/s]
Permutations:  22%|██▎       | 225/1000 [01:12<04:17,  3.01it/s]
Permutations:  23%|██▎       | 226/1000 [01:12<04:20,  2.98it/s]
Permutations:  23%|██▎       | 227/1000 [01:12<04:22,  2.94it/s]
Permutations:  23%|██▎       | 228/1000 [01:13<04:30,  2.86it/s]
Permutations:  23%|██▎       | 229/1000 [01:13<04:39,  2.76it/s]
Permutations:  23%|██▎       | 230/1000 [01:13<04:36,  2.78it/s]
Permutations:  23%|██▎       | 231/1000 [01:14<04:33,  2.81it/s]
Permutations:  23%|██▎       | 232/1000 [01:14<04:29,  2.85it/s]
Permutations:  23%|██▎       | 233/1000 [01:15<04:30,  2.83it/s]
Permutations:  23%|██▎       | 234/1000 [01:15<04:26,  2.88it/s]
Permutations:  24%|██▎       | 235/1000 [01:15<04:06,  3.10it/s]
Permutations:  24%|██▎       | 236/1000 [01:15<04:03,  3.13it/s]
Permutations:  24%|██▎       | 237/1000 [01:16<03:49,  3.32it/s]
Permutations:  24%|██▍       | 238/1000 [01:16<03:50,  3.31it/s]
Permutations:  24%|██▍       | 239/1000 [01:16<04:00,  3.16it/s]
Permutations:  24%|██▍       | 240/1000 [01:17<04:07,  3.07it/s]
Permutations:  24%|██▍       | 241/1000 [01:17<04:13,  2.99it/s]
Permutations:  24%|██▍       | 242/1000 [01:17<04:20,  2.92it/s]
Permutations:  24%|██▍       | 243/1000 [01:18<04:21,  2.89it/s]
Permutations:  24%|██▍       | 244/1000 [01:18<04:23,  2.87it/s]
Permutations:  24%|██▍       | 245/1000 [01:18<04:14,  2.96it/s]
Permutations:  25%|██▍       | 246/1000 [01:19<04:08,  3.04it/s]
Permutations:  25%|██▍       | 247/1000 [01:19<04:08,  3.04it/s]
Permutations:  25%|██▍       | 248/1000 [01:19<04:09,  3.02it/s]
Permutations:  25%|██▍       | 249/1000 [01:20<04:10,  3.00it/s]
Permutations:  25%|██▌       | 250/1000 [01:20<04:11,  2.98it/s]
Permutations:  25%|██▌       | 251/1000 [01:20<03:56,  3.17it/s]
Permutations:  25%|██▌       | 252/1000 [01:21<03:56,  3.16it/s]
Permutations:  25%|██▌       | 253/1000 [01:21<03:47,  3.29it/s]
Permutations:  25%|██▌       | 254/1000 [01:21<03:51,  3.23it/s]
Permutations:  26%|██▌       | 255/1000 [01:22<03:46,  3.29it/s]
Permutations:  26%|██▌       | 256/1000 [01:22<03:52,  3.20it/s]
Permutations:  26%|██▌       | 257/1000 [01:22<03:52,  3.20it/s]
Permutations:  26%|██▌       | 258/1000 [01:23<03:59,  3.10it/s]
Permutations:  26%|██▌       | 259/1000 [01:23<04:03,  3.05it/s]
Permutations:  26%|██▌       | 260/1000 [01:23<04:07,  2.99it/s]
Permutations:  26%|██▌       | 261/1000 [01:24<04:05,  3.01it/s]
Permutations:  26%|██▌       | 262/1000 [01:24<04:14,  2.90it/s]
Permutations:  26%|██▋       | 263/1000 [01:24<04:09,  2.95it/s]
Permutations:  26%|██▋       | 264/1000 [01:25<04:03,  3.03it/s]
Permutations:  26%|██▋       | 265/1000 [01:25<03:52,  3.16it/s]
Permutations:  27%|██▋       | 266/1000 [01:25<03:45,  3.25it/s]
Permutations:  27%|██▋       | 267/1000 [01:25<03:44,  3.26it/s]
Permutations:  27%|██▋       | 268/1000 [01:26<03:43,  3.27it/s]
Permutations:  27%|██▋       | 269/1000 [01:26<03:36,  3.38it/s]
Permutations:  27%|██▋       | 270/1000 [01:26<03:38,  3.34it/s]
Permutations:  27%|██▋       | 271/1000 [01:27<03:47,  3.21it/s]
Permutations:  27%|██▋       | 272/1000 [01:27<03:48,  3.19it/s]
Permutations:  27%|██▋       | 273/1000 [01:27<03:43,  3.26it/s]
Permutations:  27%|██▋       | 274/1000 [01:28<03:31,  3.43it/s]
Permutations:  28%|██▊       | 275/1000 [01:28<03:37,  3.33it/s]
Permutations:  28%|██▊       | 276/1000 [01:28<03:33,  3.39it/s]
Permutations:  28%|██▊       | 277/1000 [01:28<03:41,  3.27it/s]
Permutations:  28%|██▊       | 278/1000 [01:29<03:36,  3.34it/s]
Permutations:  28%|██▊       | 279/1000 [01:29<03:26,  3.49it/s]
Permutations:  28%|██▊       | 280/1000 [01:29<03:19,  3.60it/s]
Permutations:  28%|██▊       | 281/1000 [01:30<03:40,  3.27it/s]
Permutations:  28%|██▊       | 282/1000 [01:30<04:06,  2.91it/s]
Permutations:  28%|██▊       | 283/1000 [01:30<04:02,  2.95it/s]
Permutations:  28%|██▊       | 284/1000 [01:31<04:00,  2.98it/s]
Permutations:  28%|██▊       | 285/1000 [01:31<04:06,  2.90it/s]
Permutations:  29%|██▊       | 286/1000 [01:31<03:54,  3.04it/s]
Permutations:  29%|██▊       | 287/1000 [01:32<03:59,  2.98it/s]
Permutations:  29%|██▉       | 288/1000 [01:32<04:01,  2.94it/s]
Permutations:  29%|██▉       | 289/1000 [01:32<03:55,  3.02it/s]
Permutations:  29%|██▉       | 290/1000 [01:33<03:57,  2.99it/s]
Permutations:  29%|██▉       | 291/1000 [01:33<03:57,  2.99it/s]
Permutations:  29%|██▉       | 292/1000 [01:33<04:03,  2.91it/s]
Permutations:  29%|██▉       | 293/1000 [01:34<04:06,  2.87it/s]
Permutations:  29%|██▉       | 294/1000 [01:34<04:06,  2.86it/s]
Permutations:  30%|██▉       | 295/1000 [01:34<04:06,  2.86it/s]
Permutations:  30%|██▉       | 296/1000 [01:35<04:13,  2.78it/s]
Permutations:  30%|██▉       | 297/1000 [01:35<04:15,  2.75it/s]
Permutations:  30%|██▉       | 298/1000 [01:36<04:15,  2.75it/s]
Permutations:  30%|██▉       | 299/1000 [01:36<04:06,  2.84it/s]
Permutations:  30%|███       | 300/1000 [01:36<04:06,  2.84it/s]
Permutations:  30%|███       | 301/1000 [01:37<03:49,  3.04it/s]
Permutations:  30%|███       | 302/1000 [01:37<03:55,  2.96it/s]
Permutations:  30%|███       | 303/1000 [01:37<03:55,  2.96it/s]
Permutations:  30%|███       | 304/1000 [01:38<03:51,  3.00it/s]
Permutations:  30%|███       | 305/1000 [01:38<03:59,  2.90it/s]
Permutations:  31%|███       | 306/1000 [01:38<04:08,  2.79it/s]
Permutations:  31%|███       | 307/1000 [01:39<04:11,  2.76it/s]
Permutations:  31%|███       | 308/1000 [01:39<04:09,  2.78it/s]
Permutations:  31%|███       | 309/1000 [01:39<04:08,  2.78it/s]
Permutations:  31%|███       | 310/1000 [01:40<04:01,  2.85it/s]
Permutations:  31%|███       | 311/1000 [01:40<04:01,  2.85it/s]
Permutations:  31%|███       | 312/1000 [01:40<04:00,  2.86it/s]
Permutations:  31%|███▏      | 313/1000 [01:41<03:58,  2.88it/s]
Permutations:  31%|███▏      | 314/1000 [01:41<04:01,  2.83it/s]
Permutations:  32%|███▏      | 315/1000 [01:42<04:03,  2.82it/s]
Permutations:  32%|███▏      | 316/1000 [01:42<03:47,  3.01it/s]
Permutations:  32%|███▏      | 317/1000 [01:42<03:38,  3.13it/s]
Permutations:  32%|███▏      | 318/1000 [01:42<03:34,  3.18it/s]
Permutations:  32%|███▏      | 319/1000 [01:43<03:45,  3.02it/s]
Permutations:  32%|███▏      | 320/1000 [01:43<03:47,  2.99it/s]
Permutations:  32%|███▏      | 321/1000 [01:43<03:39,  3.10it/s]
Permutations:  32%|███▏      | 322/1000 [01:44<03:41,  3.06it/s]
Permutations:  32%|███▏      | 323/1000 [01:44<03:36,  3.12it/s]
Permutations:  32%|███▏      | 324/1000 [01:44<03:43,  3.03it/s]
Permutations:  32%|███▎      | 325/1000 [01:45<03:42,  3.03it/s]
Permutations:  33%|███▎      | 326/1000 [01:45<03:48,  2.95it/s]
Permutations:  33%|███▎      | 327/1000 [01:45<03:39,  3.06it/s]
Permutations:  33%|███▎      | 328/1000 [01:46<03:37,  3.09it/s]
Permutations:  33%|███▎      | 329/1000 [01:46<03:28,  3.22it/s]
Permutations:  33%|███▎      | 330/1000 [01:46<03:32,  3.16it/s]
Permutations:  33%|███▎      | 331/1000 [01:47<03:41,  3.02it/s]
Permutations:  33%|███▎      | 332/1000 [01:47<03:30,  3.17it/s]
Permutations:  33%|███▎      | 333/1000 [01:47<03:40,  3.03it/s]
Permutations:  33%|███▎      | 334/1000 [01:48<03:44,  2.97it/s]
Permutations:  34%|███▎      | 335/1000 [01:48<03:47,  2.92it/s]
Permutations:  34%|███▎      | 336/1000 [01:48<03:49,  2.90it/s]
Permutations:  34%|███▎      | 337/1000 [01:49<03:45,  2.94it/s]
Permutations:  34%|███▍      | 338/1000 [01:49<03:45,  2.93it/s]
Permutations:  34%|███▍      | 339/1000 [01:49<03:43,  2.96it/s]
Permutations:  34%|███▍      | 340/1000 [01:50<03:26,  3.20it/s]
Permutations:  34%|███▍      | 341/1000 [01:50<03:14,  3.39it/s]
Permutations:  34%|███▍      | 342/1000 [01:50<03:23,  3.24it/s]
Permutations:  34%|███▍      | 343/1000 [01:51<03:31,  3.10it/s]
Permutations:  34%|███▍      | 344/1000 [01:51<03:35,  3.05it/s]
Permutations:  34%|███▍      | 345/1000 [01:51<03:37,  3.01it/s]
Permutations:  35%|███▍      | 346/1000 [01:52<03:37,  3.00it/s]
Permutations:  35%|███▍      | 347/1000 [01:52<03:33,  3.06it/s]
Permutations:  35%|███▍      | 348/1000 [01:52<03:16,  3.32it/s]
Permutations:  35%|███▍      | 349/1000 [01:52<03:16,  3.32it/s]
Permutations:  35%|███▌      | 350/1000 [01:53<03:20,  3.25it/s]
Permutations:  35%|███▌      | 351/1000 [01:53<03:21,  3.22it/s]
Permutations:  35%|███▌      | 352/1000 [01:53<03:28,  3.10it/s]
Permutations:  35%|███▌      | 353/1000 [01:54<03:29,  3.09it/s]
Permutations:  35%|███▌      | 354/1000 [01:54<03:31,  3.05it/s]
Permutations:  36%|███▌      | 355/1000 [01:54<03:32,  3.04it/s]
Permutations:  36%|███▌      | 356/1000 [01:55<03:29,  3.08it/s]
Permutations:  36%|███▌      | 357/1000 [01:55<03:12,  3.35it/s]
Permutations:  36%|███▌      | 358/1000 [01:55<03:12,  3.34it/s]
Permutations:  36%|███▌      | 359/1000 [01:56<03:17,  3.24it/s]
Permutations:  36%|███▌      | 360/1000 [01:56<03:18,  3.22it/s]
Permutations:  36%|███▌      | 361/1000 [01:56<03:04,  3.47it/s]
Permutations:  36%|███▌      | 362/1000 [01:56<02:54,  3.67it/s]
Permutations:  36%|███▋      | 363/1000 [01:57<02:47,  3.79it/s]
Permutations:  36%|███▋      | 364/1000 [01:57<02:46,  3.81it/s]
Permutations:  36%|███▋      | 365/1000 [01:57<02:44,  3.87it/s]
Permutations:  37%|███▋      | 366/1000 [01:57<02:47,  3.78it/s]
Permutations:  37%|███▋      | 367/1000 [01:58<03:04,  3.42it/s]
Permutations:  37%|███▋      | 368/1000 [01:58<03:15,  3.23it/s]
Permutations:  37%|███▋      | 369/1000 [01:58<03:21,  3.13it/s]
Permutations:  37%|███▋      | 370/1000 [01:59<03:28,  3.02it/s]
Permutations:  37%|███▋      | 371/1000 [01:59<03:23,  3.09it/s]
Permutations:  37%|███▋      | 372/1000 [01:59<03:22,  3.10it/s]
Permutations:  37%|███▋      | 373/1000 [02:00<03:23,  3.08it/s]
Permutations:  37%|███▋      | 374/1000 [02:00<03:18,  3.15it/s]
Permutations:  38%|███▊      | 375/1000 [02:00<03:22,  3.09it/s]
Permutations:  38%|███▊      | 376/1000 [02:01<03:21,  3.09it/s]
Permutations:  38%|███▊      | 377/1000 [02:01<03:21,  3.10it/s]
Permutations:  38%|███▊      | 378/1000 [02:01<03:24,  3.04it/s]
Permutations:  38%|███▊      | 379/1000 [02:02<03:22,  3.06it/s]
Permutations:  38%|███▊      | 380/1000 [02:02<03:27,  2.99it/s]
Permutations:  38%|███▊      | 381/1000 [02:02<03:20,  3.09it/s]
Permutations:  38%|███▊      | 382/1000 [02:03<03:34,  2.88it/s]
Permutations:  38%|███▊      | 383/1000 [02:03<03:20,  3.07it/s]
Permutations:  38%|███▊      | 384/1000 [02:03<03:24,  3.01it/s]
Permutations:  38%|███▊      | 385/1000 [02:04<03:29,  2.93it/s]
Permutations:  39%|███▊      | 386/1000 [02:04<03:35,  2.85it/s]
Permutations:  39%|███▊      | 387/1000 [02:05<03:36,  2.83it/s]
Permutations:  39%|███▉      | 388/1000 [02:05<03:37,  2.81it/s]
Permutations:  39%|███▉      | 389/1000 [02:05<03:37,  2.81it/s]
Permutations:  39%|███▉      | 390/1000 [02:06<03:35,  2.83it/s]
Permutations:  39%|███▉      | 391/1000 [02:06<03:31,  2.87it/s]
Permutations:  39%|███▉      | 392/1000 [02:06<03:20,  3.03it/s]
Permutations:  39%|███▉      | 393/1000 [02:07<03:17,  3.08it/s]
Permutations:  39%|███▉      | 394/1000 [02:07<03:20,  3.02it/s]
Permutations:  40%|███▉      | 395/1000 [02:07<03:06,  3.24it/s]
Permutations:  40%|███▉      | 396/1000 [02:07<02:59,  3.36it/s]
Permutations:  40%|███▉      | 397/1000 [02:08<02:49,  3.56it/s]
Permutations:  40%|███▉      | 398/1000 [02:08<02:47,  3.59it/s]
Permutations:  40%|███▉      | 399/1000 [02:08<02:48,  3.56it/s]
Permutations:  40%|████      | 400/1000 [02:09<02:55,  3.42it/s]
Permutations:  40%|████      | 401/1000 [02:09<03:01,  3.30it/s]
Permutations:  40%|████      | 402/1000 [02:09<03:01,  3.30it/s]
Permutations:  40%|████      | 403/1000 [02:09<03:05,  3.21it/s]
Permutations:  40%|████      | 404/1000 [02:10<03:08,  3.16it/s]
Permutations:  40%|████      | 405/1000 [02:10<03:11,  3.11it/s]
Permutations:  41%|████      | 406/1000 [02:10<03:10,  3.12it/s]
Permutations:  41%|████      | 407/1000 [02:11<03:03,  3.24it/s]
Permutations:  41%|████      | 408/1000 [02:11<03:02,  3.24it/s]
Permutations:  41%|████      | 409/1000 [02:11<02:58,  3.31it/s]
Permutations:  41%|████      | 410/1000 [02:12<02:57,  3.32it/s]
Permutations:  41%|████      | 411/1000 [02:12<02:51,  3.44it/s]
Permutations:  41%|████      | 412/1000 [02:12<02:53,  3.39it/s]
Permutations:  41%|████▏     | 413/1000 [02:13<03:00,  3.24it/s]
Permutations:  41%|████▏     | 414/1000 [02:13<02:55,  3.34it/s]
Permutations:  42%|████▏     | 415/1000 [02:13<02:57,  3.30it/s]
Permutations:  42%|████▏     | 416/1000 [02:13<02:59,  3.25it/s]
Permutations:  42%|████▏     | 417/1000 [02:14<02:56,  3.30it/s]
Permutations:  42%|████▏     | 418/1000 [02:14<02:57,  3.29it/s]
Permutations:  42%|████▏     | 419/1000 [02:14<03:05,  3.13it/s]
Permutations:  42%|████▏     | 420/1000 [02:15<03:02,  3.17it/s]
Permutations:  42%|████▏     | 421/1000 [02:15<03:05,  3.12it/s]
Permutations:  42%|████▏     | 422/1000 [02:15<03:01,  3.19it/s]
Permutations:  42%|████▏     | 423/1000 [02:16<03:06,  3.10it/s]
Permutations:  42%|████▏     | 424/1000 [02:16<03:09,  3.05it/s]
Permutations:  42%|████▎     | 425/1000 [02:16<03:10,  3.02it/s]
Permutations:  43%|████▎     | 426/1000 [02:17<03:15,  2.94it/s]
Permutations:  43%|████▎     | 427/1000 [02:17<03:19,  2.88it/s]
Permutations:  43%|████▎     | 428/1000 [02:17<03:18,  2.89it/s]
Permutations:  43%|████▎     | 429/1000 [02:18<03:16,  2.90it/s]
Permutations:  43%|████▎     | 430/1000 [02:18<03:04,  3.09it/s]
Permutations:  43%|████▎     | 431/1000 [02:18<03:03,  3.10it/s]
Permutations:  43%|████▎     | 432/1000 [02:19<03:10,  2.98it/s]
Permutations:  43%|████▎     | 433/1000 [02:19<03:12,  2.95it/s]
Permutations:  43%|████▎     | 434/1000 [02:19<03:12,  2.95it/s]
Permutations:  44%|████▎     | 435/1000 [02:20<03:13,  2.92it/s]
Permutations:  44%|████▎     | 436/1000 [02:20<03:16,  2.87it/s]
Permutations:  44%|████▎     | 437/1000 [02:20<03:05,  3.03it/s]
Permutations:  44%|████▍     | 438/1000 [02:21<03:07,  3.00it/s]
Permutations:  44%|████▍     | 439/1000 [02:21<03:09,  2.95it/s]
Permutations:  44%|████▍     | 440/1000 [02:21<03:12,  2.91it/s]
Permutations:  44%|████▍     | 441/1000 [02:22<03:11,  2.93it/s]
Permutations:  44%|████▍     | 442/1000 [02:22<02:56,  3.17it/s]
Permutations:  44%|████▍     | 443/1000 [02:22<02:52,  3.22it/s]
Permutations:  44%|████▍     | 444/1000 [02:23<02:49,  3.27it/s]
Permutations:  44%|████▍     | 445/1000 [02:23<02:49,  3.27it/s]
Permutations:  45%|████▍     | 446/1000 [02:23<02:46,  3.33it/s]
Permutations:  45%|████▍     | 447/1000 [02:24<02:48,  3.28it/s]
Permutations:  45%|████▍     | 448/1000 [02:24<02:56,  3.13it/s]
Permutations:  45%|████▍     | 449/1000 [02:24<02:59,  3.06it/s]
Permutations:  45%|████▌     | 450/1000 [02:25<03:02,  3.02it/s]
Permutations:  45%|████▌     | 451/1000 [02:25<03:07,  2.93it/s]
Permutations:  45%|████▌     | 452/1000 [02:25<03:08,  2.91it/s]
Permutations:  45%|████▌     | 453/1000 [02:26<03:03,  2.98it/s]
Permutations:  45%|████▌     | 454/1000 [02:26<03:06,  2.92it/s]
Permutations:  46%|████▌     | 455/1000 [02:26<03:08,  2.88it/s]
Permutations:  46%|████▌     | 456/1000 [02:27<03:07,  2.91it/s]
Permutations:  46%|████▌     | 457/1000 [02:27<03:05,  2.92it/s]
Permutations:  46%|████▌     | 458/1000 [02:27<03:09,  2.86it/s]
Permutations:  46%|████▌     | 459/1000 [02:28<03:07,  2.88it/s]
Permutations:  46%|████▌     | 460/1000 [02:28<03:04,  2.92it/s]
Permutations:  46%|████▌     | 461/1000 [02:28<03:00,  2.99it/s]
Permutations:  46%|████▌     | 462/1000 [02:29<02:50,  3.16it/s]
Permutations:  46%|████▋     | 463/1000 [02:29<02:51,  3.13it/s]
Permutations:  46%|████▋     | 464/1000 [02:29<02:56,  3.03it/s]
Permutations:  46%|████▋     | 465/1000 [02:30<03:01,  2.95it/s]
Permutations:  47%|████▋     | 466/1000 [02:30<03:02,  2.92it/s]
Permutations:  47%|████▋     | 467/1000 [02:30<03:00,  2.95it/s]
Permutations:  47%|████▋     | 468/1000 [02:31<02:56,  3.01it/s]
Permutations:  47%|████▋     | 469/1000 [02:31<03:02,  2.90it/s]
Permutations:  47%|████▋     | 470/1000 [02:31<03:05,  2.85it/s]
Permutations:  47%|████▋     | 471/1000 [02:32<02:54,  3.03it/s]
Permutations:  47%|████▋     | 472/1000 [02:32<02:52,  3.06it/s]
Permutations:  47%|████▋     | 473/1000 [02:32<02:51,  3.07it/s]
Permutations:  47%|████▋     | 474/1000 [02:33<02:48,  3.12it/s]
Permutations:  48%|████▊     | 475/1000 [02:33<02:52,  3.04it/s]
Permutations:  48%|████▊     | 476/1000 [02:33<02:59,  2.91it/s]
Permutations:  48%|████▊     | 477/1000 [02:34<02:50,  3.06it/s]
Permutations:  48%|████▊     | 478/1000 [02:34<02:52,  3.03it/s]
Permutations:  48%|████▊     | 479/1000 [02:34<02:55,  2.97it/s]
Permutations:  48%|████▊     | 480/1000 [02:35<02:56,  2.95it/s]
Permutations:  48%|████▊     | 481/1000 [02:35<02:58,  2.90it/s]
Permutations:  48%|████▊     | 482/1000 [02:35<03:04,  2.81it/s]
Permutations:  48%|████▊     | 483/1000 [02:36<02:56,  2.93it/s]
Permutations:  48%|████▊     | 484/1000 [02:36<02:58,  2.90it/s]
Permutations:  48%|████▊     | 485/1000 [02:36<02:58,  2.89it/s]
Permutations:  49%|████▊     | 486/1000 [02:37<02:59,  2.86it/s]
Permutations:  49%|████▊     | 487/1000 [02:37<02:59,  2.86it/s]
Permutations:  49%|████▉     | 488/1000 [02:38<02:58,  2.87it/s]
Permutations:  49%|████▉     | 489/1000 [02:38<02:58,  2.86it/s]
Permutations:  49%|████▉     | 490/1000 [02:38<02:52,  2.95it/s]
Permutations:  49%|████▉     | 491/1000 [02:39<02:51,  2.97it/s]
Permutations:  49%|████▉     | 492/1000 [02:39<02:41,  3.15it/s]
Permutations:  49%|████▉     | 493/1000 [02:39<02:34,  3.29it/s]
Permutations:  49%|████▉     | 494/1000 [02:39<02:25,  3.48it/s]
Permutations:  50%|████▉     | 495/1000 [02:40<02:32,  3.31it/s]
Permutations:  50%|████▉     | 496/1000 [02:40<02:40,  3.13it/s]
Permutations:  50%|████▉     | 497/1000 [02:40<02:45,  3.03it/s]
Permutations:  50%|████▉     | 498/1000 [02:41<02:50,  2.95it/s]
Permutations:  50%|████▉     | 499/1000 [02:41<02:50,  2.93it/s]
Permutations:  50%|█████     | 500/1000 [02:41<02:51,  2.92it/s]
Permutations:  50%|█████     | 501/1000 [02:42<02:53,  2.88it/s]
Permutations:  50%|█████     | 502/1000 [02:42<02:52,  2.89it/s]
Permutations:  50%|█████     | 503/1000 [02:42<02:47,  2.96it/s]
Permutations:  50%|█████     | 504/1000 [02:43<02:42,  3.06it/s]
Permutations:  50%|█████     | 505/1000 [02:43<02:37,  3.15it/s]
Permutations:  51%|█████     | 506/1000 [02:43<02:35,  3.19it/s]
Permutations:  51%|█████     | 507/1000 [02:44<02:34,  3.20it/s]
Permutations:  51%|█████     | 508/1000 [02:44<02:31,  3.24it/s]
Permutations:  51%|█████     | 509/1000 [02:44<02:28,  3.32it/s]
Permutations:  51%|█████     | 510/1000 [02:45<02:28,  3.31it/s]
Permutations:  51%|█████     | 511/1000 [02:45<02:30,  3.25it/s]
Permutations:  51%|█████     | 512/1000 [02:45<02:33,  3.18it/s]
Permutations:  51%|█████▏    | 513/1000 [02:46<02:40,  3.03it/s]
Permutations:  51%|█████▏    | 514/1000 [02:46<02:42,  2.99it/s]
Permutations:  52%|█████▏    | 515/1000 [02:46<02:43,  2.96it/s]
Permutations:  52%|█████▏    | 516/1000 [02:47<02:42,  2.98it/s]
Permutations:  52%|█████▏    | 517/1000 [02:47<02:43,  2.96it/s]
Permutations:  52%|█████▏    | 518/1000 [02:47<02:45,  2.92it/s]
Permutations:  52%|█████▏    | 519/1000 [02:48<02:47,  2.88it/s]
Permutations:  52%|█████▏    | 520/1000 [02:48<02:41,  2.97it/s]
Permutations:  52%|█████▏    | 521/1000 [02:48<02:41,  2.97it/s]
Permutations:  52%|█████▏    | 522/1000 [02:49<02:44,  2.91it/s]
Permutations:  52%|█████▏    | 523/1000 [02:49<02:46,  2.86it/s]
Permutations:  52%|█████▏    | 524/1000 [02:49<02:33,  3.09it/s]
Permutations:  52%|█████▎    | 525/1000 [02:50<02:37,  3.02it/s]
Permutations:  53%|█████▎    | 526/1000 [02:50<02:39,  2.97it/s]
Permutations:  53%|█████▎    | 527/1000 [02:50<02:40,  2.95it/s]
Permutations:  53%|█████▎    | 528/1000 [02:51<02:39,  2.96it/s]
Permutations:  53%|█████▎    | 529/1000 [02:51<02:40,  2.94it/s]
Permutations:  53%|█████▎    | 530/1000 [02:51<02:39,  2.94it/s]
Permutations:  53%|█████▎    | 531/1000 [02:52<02:37,  2.97it/s]
Permutations:  53%|█████▎    | 532/1000 [02:52<02:43,  2.86it/s]
Permutations:  53%|█████▎    | 533/1000 [02:52<02:44,  2.84it/s]
Permutations:  53%|█████▎    | 534/1000 [02:53<02:44,  2.83it/s]
Permutations:  54%|█████▎    | 535/1000 [02:53<02:41,  2.89it/s]
Permutations:  54%|█████▎    | 536/1000 [02:53<02:39,  2.92it/s]
Permutations:  54%|█████▎    | 537/1000 [02:54<02:40,  2.88it/s]
Permutations:  54%|█████▍    | 538/1000 [02:54<02:41,  2.85it/s]
Permutations:  54%|█████▍    | 539/1000 [02:54<02:31,  3.04it/s]
Permutations:  54%|█████▍    | 540/1000 [02:55<02:33,  3.00it/s]
Permutations:  54%|█████▍    | 541/1000 [02:55<02:34,  2.97it/s]
Permutations:  54%|█████▍    | 542/1000 [02:55<02:31,  3.03it/s]
Permutations:  54%|█████▍    | 543/1000 [02:56<02:22,  3.20it/s]
Permutations:  54%|█████▍    | 544/1000 [02:56<02:14,  3.38it/s]
Permutations:  55%|█████▍    | 545/1000 [02:56<02:15,  3.36it/s]
Permutations:  55%|█████▍    | 546/1000 [02:57<02:21,  3.20it/s]
Permutations:  55%|█████▍    | 547/1000 [02:57<02:26,  3.09it/s]
Permutations:  55%|█████▍    | 548/1000 [02:57<02:32,  2.97it/s]
Permutations:  55%|█████▍    | 549/1000 [02:58<02:34,  2.92it/s]
Permutations:  55%|█████▌    | 550/1000 [02:58<02:36,  2.88it/s]
Permutations:  55%|█████▌    | 551/1000 [02:58<02:33,  2.93it/s]
Permutations:  55%|█████▌    | 552/1000 [02:59<02:22,  3.14it/s]
Permutations:  55%|█████▌    | 553/1000 [02:59<02:12,  3.38it/s]
Permutations:  55%|█████▌    | 554/1000 [02:59<02:04,  3.58it/s]
Permutations:  56%|█████▌    | 555/1000 [02:59<01:59,  3.73it/s]
Permutations:  56%|█████▌    | 556/1000 [03:00<01:56,  3.82it/s]
Permutations:  56%|█████▌    | 557/1000 [03:00<01:55,  3.85it/s]
Permutations:  56%|█████▌    | 558/1000 [03:00<01:52,  3.93it/s]
Permutations:  56%|█████▌    | 559/1000 [03:00<01:51,  3.96it/s]
Permutations:  56%|█████▌    | 560/1000 [03:01<01:57,  3.74it/s]
Permutations:  56%|█████▌    | 561/1000 [03:01<02:02,  3.58it/s]
Permutations:  56%|█████▌    | 562/1000 [03:01<02:09,  3.37it/s]
Permutations:  56%|█████▋    | 563/1000 [03:02<02:15,  3.22it/s]
Permutations:  56%|█████▋    | 564/1000 [03:02<02:19,  3.13it/s]
Permutations:  56%|█████▋    | 565/1000 [03:02<02:16,  3.19it/s]
Permutations:  57%|█████▋    | 566/1000 [03:03<02:21,  3.08it/s]
Permutations:  57%|█████▋    | 567/1000 [03:03<02:22,  3.03it/s]
Permutations:  57%|█████▋    | 568/1000 [03:03<02:19,  3.11it/s]
Permutations:  57%|█████▋    | 569/1000 [03:04<02:21,  3.05it/s]
Permutations:  57%|█████▋    | 570/1000 [03:04<02:21,  3.04it/s]
Permutations:  57%|█████▋    | 571/1000 [03:04<02:19,  3.07it/s]
Permutations:  57%|█████▋    | 572/1000 [03:05<02:22,  3.00it/s]
Permutations:  57%|█████▋    | 573/1000 [03:05<02:15,  3.14it/s]
Permutations:  57%|█████▋    | 574/1000 [03:05<02:20,  3.04it/s]
Permutations:  57%|█████▊    | 575/1000 [03:06<02:15,  3.14it/s]
Permutations:  58%|█████▊    | 576/1000 [03:06<02:14,  3.16it/s]
Permutations:  58%|█████▊    | 577/1000 [03:06<02:18,  3.05it/s]
Permutations:  58%|█████▊    | 578/1000 [03:07<02:21,  2.99it/s]
Permutations:  58%|█████▊    | 579/1000 [03:07<02:24,  2.91it/s]
Permutations:  58%|█████▊    | 580/1000 [03:07<02:24,  2.91it/s]
Permutations:  58%|█████▊    | 581/1000 [03:08<02:24,  2.89it/s]
Permutations:  58%|█████▊    | 582/1000 [03:08<02:32,  2.75it/s]
Permutations:  58%|█████▊    | 583/1000 [03:08<02:36,  2.66it/s]
Permutations:  58%|█████▊    | 584/1000 [03:09<02:30,  2.77it/s]
Permutations:  58%|█████▊    | 585/1000 [03:09<02:24,  2.87it/s]
Permutations:  59%|█████▊    | 586/1000 [03:09<02:20,  2.94it/s]
Permutations:  59%|█████▊    | 587/1000 [03:10<02:17,  3.01it/s]
Permutations:  59%|█████▉    | 588/1000 [03:10<02:08,  3.20it/s]
Permutations:  59%|█████▉    | 589/1000 [03:10<02:03,  3.33it/s]
Permutations:  59%|█████▉    | 590/1000 [03:11<02:04,  3.29it/s]
Permutations:  59%|█████▉    | 591/1000 [03:11<02:04,  3.29it/s]
Permutations:  59%|█████▉    | 592/1000 [03:11<02:03,  3.30it/s]
Permutations:  59%|█████▉    | 593/1000 [03:11<02:07,  3.18it/s]
Permutations:  59%|█████▉    | 594/1000 [03:12<02:08,  3.16it/s]
Permutations:  60%|█████▉    | 595/1000 [03:12<02:02,  3.29it/s]
Permutations:  60%|█████▉    | 596/1000 [03:12<01:59,  3.39it/s]
Permutations:  60%|█████▉    | 597/1000 [03:13<02:03,  3.28it/s]
Permutations:  60%|█████▉    | 598/1000 [03:13<02:02,  3.29it/s]
Permutations:  60%|█████▉    | 599/1000 [03:13<02:02,  3.28it/s]
Permutations:  60%|██████    | 600/1000 [03:14<02:07,  3.14it/s]
Permutations:  60%|██████    | 601/1000 [03:14<02:10,  3.06it/s]
Permutations:  60%|██████    | 602/1000 [03:14<02:13,  2.98it/s]
Permutations:  60%|██████    | 603/1000 [03:15<02:14,  2.94it/s]
Permutations:  60%|██████    | 604/1000 [03:15<02:14,  2.94it/s]
Permutations:  60%|██████    | 605/1000 [03:15<02:06,  3.13it/s]
Permutations:  61%|██████    | 606/1000 [03:16<02:10,  3.03it/s]
Permutations:  61%|██████    | 607/1000 [03:16<02:13,  2.95it/s]
Permutations:  61%|██████    | 608/1000 [03:16<02:15,  2.90it/s]
Permutations:  61%|██████    | 609/1000 [03:17<02:14,  2.92it/s]
Permutations:  61%|██████    | 610/1000 [03:17<02:12,  2.95it/s]
Permutations:  61%|██████    | 611/1000 [03:17<02:08,  3.02it/s]
Permutations:  61%|██████    | 612/1000 [03:18<02:05,  3.09it/s]
Permutations:  61%|██████▏   | 613/1000 [03:18<02:07,  3.04it/s]
Permutations:  61%|██████▏   | 614/1000 [03:18<02:12,  2.92it/s]
Permutations:  62%|██████▏   | 615/1000 [03:19<02:12,  2.90it/s]
Permutations:  62%|██████▏   | 616/1000 [03:19<02:13,  2.88it/s]
Permutations:  62%|██████▏   | 617/1000 [03:19<02:16,  2.80it/s]
Permutations:  62%|██████▏   | 618/1000 [03:20<02:16,  2.79it/s]
Permutations:  62%|██████▏   | 619/1000 [03:20<02:18,  2.74it/s]
Permutations:  62%|██████▏   | 620/1000 [03:21<02:10,  2.91it/s]
Permutations:  62%|██████▏   | 621/1000 [03:21<02:08,  2.95it/s]
Permutations:  62%|██████▏   | 622/1000 [03:21<02:09,  2.92it/s]
Permutations:  62%|██████▏   | 623/1000 [03:22<02:10,  2.90it/s]
Permutations:  62%|██████▏   | 624/1000 [03:22<02:09,  2.91it/s]
Permutations:  62%|██████▎   | 625/1000 [03:22<02:08,  2.93it/s]
Permutations:  63%|██████▎   | 626/1000 [03:23<02:04,  3.00it/s]
Permutations:  63%|██████▎   | 627/1000 [03:23<02:05,  2.97it/s]
Permutations:  63%|██████▎   | 628/1000 [03:23<02:02,  3.04it/s]
Permutations:  63%|██████▎   | 629/1000 [03:24<02:03,  3.00it/s]
Permutations:  63%|██████▎   | 630/1000 [03:24<02:05,  2.95it/s]
Permutations:  63%|██████▎   | 631/1000 [03:24<02:01,  3.03it/s]
Permutations:  63%|██████▎   | 632/1000 [03:25<02:03,  2.98it/s]
Permutations:  63%|██████▎   | 633/1000 [03:25<01:52,  3.26it/s]
Permutations:  63%|██████▎   | 634/1000 [03:25<01:51,  3.29it/s]
Permutations:  64%|██████▎   | 635/1000 [03:25<01:55,  3.15it/s]
Permutations:  64%|██████▎   | 636/1000 [03:26<01:47,  3.38it/s]
Permutations:  64%|██████▎   | 637/1000 [03:26<01:54,  3.17it/s]
Permutations:  64%|██████▍   | 638/1000 [03:26<01:57,  3.09it/s]
Permutations:  64%|██████▍   | 639/1000 [03:27<01:58,  3.06it/s]
Permutations:  64%|██████▍   | 640/1000 [03:27<01:58,  3.04it/s]
Permutations:  64%|██████▍   | 641/1000 [03:27<01:58,  3.03it/s]
Permutations:  64%|██████▍   | 642/1000 [03:28<01:56,  3.06it/s]
Permutations:  64%|██████▍   | 643/1000 [03:28<01:54,  3.12it/s]
Permutations:  64%|██████▍   | 644/1000 [03:28<01:54,  3.11it/s]
Permutations:  64%|██████▍   | 645/1000 [03:29<01:55,  3.08it/s]
Permutations:  65%|██████▍   | 646/1000 [03:29<01:56,  3.05it/s]
Permutations:  65%|██████▍   | 647/1000 [03:29<01:55,  3.05it/s]
Permutations:  65%|██████▍   | 648/1000 [03:30<01:56,  3.01it/s]
Permutations:  65%|██████▍   | 649/1000 [03:30<01:55,  3.03it/s]
Permutations:  65%|██████▌   | 650/1000 [03:30<01:57,  2.98it/s]
Permutations:  65%|██████▌   | 651/1000 [03:31<02:01,  2.88it/s]
Permutations:  65%|██████▌   | 652/1000 [03:31<01:55,  3.00it/s]
Permutations:  65%|██████▌   | 653/1000 [03:31<01:53,  3.05it/s]
Permutations:  65%|██████▌   | 654/1000 [03:32<01:50,  3.13it/s]
Permutations:  66%|██████▌   | 655/1000 [03:32<01:55,  3.00it/s]
Permutations:  66%|██████▌   | 656/1000 [03:32<01:56,  2.95it/s]
Permutations:  66%|██████▌   | 657/1000 [03:33<01:55,  2.97it/s]
Permutations:  66%|██████▌   | 658/1000 [03:33<01:56,  2.93it/s]
Permutations:  66%|██████▌   | 659/1000 [03:33<01:56,  2.93it/s]
Permutations:  66%|██████▌   | 660/1000 [03:34<01:57,  2.89it/s]
Permutations:  66%|██████▌   | 661/1000 [03:34<01:54,  2.95it/s]
Permutations:  66%|██████▌   | 662/1000 [03:34<01:53,  2.97it/s]
Permutations:  66%|██████▋   | 663/1000 [03:35<01:54,  2.95it/s]
Permutations:  66%|██████▋   | 664/1000 [03:35<01:54,  2.92it/s]
Permutations:  66%|██████▋   | 665/1000 [03:35<01:51,  3.00it/s]
Permutations:  67%|██████▋   | 666/1000 [03:36<01:51,  3.00it/s]
Permutations:  67%|██████▋   | 667/1000 [03:36<01:44,  3.19it/s]
Permutations:  67%|██████▋   | 668/1000 [03:36<01:44,  3.18it/s]
Permutations:  67%|██████▋   | 669/1000 [03:37<01:42,  3.22it/s]
Permutations:  67%|██████▋   | 670/1000 [03:37<01:38,  3.35it/s]
Permutations:  67%|██████▋   | 671/1000 [03:37<01:40,  3.28it/s]
Permutations:  67%|██████▋   | 672/1000 [03:38<01:42,  3.21it/s]
Permutations:  67%|██████▋   | 673/1000 [03:38<01:45,  3.09it/s]
Permutations:  67%|██████▋   | 674/1000 [03:38<01:49,  2.98it/s]
Permutations:  68%|██████▊   | 675/1000 [03:39<01:54,  2.83it/s]
Permutations:  68%|██████▊   | 676/1000 [03:39<01:58,  2.74it/s]
Permutations:  68%|██████▊   | 677/1000 [03:39<01:58,  2.73it/s]
Permutations:  68%|██████▊   | 678/1000 [03:40<01:58,  2.72it/s]
Permutations:  68%|██████▊   | 679/1000 [03:40<01:58,  2.71it/s]
Permutations:  68%|██████▊   | 680/1000 [03:41<01:57,  2.72it/s]
Permutations:  68%|██████▊   | 681/1000 [03:41<02:05,  2.55it/s]
Permutations:  68%|██████▊   | 682/1000 [03:41<01:56,  2.74it/s]
Permutations:  68%|██████▊   | 683/1000 [03:42<01:56,  2.73it/s]
Permutations:  68%|██████▊   | 684/1000 [03:42<01:54,  2.76it/s]
Permutations:  68%|██████▊   | 685/1000 [03:42<01:55,  2.74it/s]
Permutations:  69%|██████▊   | 686/1000 [03:43<01:53,  2.77it/s]
Permutations:  69%|██████▊   | 687/1000 [03:43<01:51,  2.79it/s]
Permutations:  69%|██████▉   | 688/1000 [03:43<01:46,  2.94it/s]
Permutations:  69%|██████▉   | 689/1000 [03:44<01:45,  2.96it/s]
Permutations:  69%|██████▉   | 690/1000 [03:44<01:45,  2.94it/s]
Permutations:  69%|██████▉   | 691/1000 [03:44<01:45,  2.93it/s]
Permutations:  69%|██████▉   | 692/1000 [03:45<01:46,  2.90it/s]
Permutations:  69%|██████▉   | 693/1000 [03:45<01:35,  3.21it/s]
Permutations:  69%|██████▉   | 694/1000 [03:45<01:28,  3.47it/s]
Permutations:  70%|██████▉   | 695/1000 [03:45<01:23,  3.67it/s]
Permutations:  70%|██████▉   | 696/1000 [03:46<01:22,  3.70it/s]
Permutations:  70%|██████▉   | 697/1000 [03:46<01:20,  3.76it/s]
Permutations:  70%|██████▉   | 698/1000 [03:46<01:24,  3.58it/s]
Permutations:  70%|██████▉   | 699/1000 [03:47<01:21,  3.71it/s]
Permutations:  70%|███████   | 700/1000 [03:47<01:27,  3.43it/s]
Permutations:  70%|███████   | 701/1000 [03:47<01:24,  3.55it/s]
Permutations:  70%|███████   | 702/1000 [03:47<01:23,  3.56it/s]
Permutations:  70%|███████   | 703/1000 [03:48<01:26,  3.44it/s]
Permutations:  70%|███████   | 704/1000 [03:48<01:29,  3.32it/s]
Permutations:  70%|███████   | 705/1000 [03:48<01:29,  3.28it/s]
Permutations:  71%|███████   | 706/1000 [03:49<01:29,  3.30it/s]
Permutations:  71%|███████   | 707/1000 [03:49<01:30,  3.24it/s]
Permutations:  71%|███████   | 708/1000 [03:49<01:34,  3.09it/s]
Permutations:  71%|███████   | 709/1000 [03:50<01:37,  3.00it/s]
Permutations:  71%|███████   | 710/1000 [03:50<01:38,  2.96it/s]
Permutations:  71%|███████   | 711/1000 [03:50<01:38,  2.94it/s]
Permutations:  71%|███████   | 712/1000 [03:51<01:39,  2.90it/s]
Permutations:  71%|███████▏  | 713/1000 [03:51<01:39,  2.89it/s]
Permutations:  71%|███████▏  | 714/1000 [03:51<01:38,  2.89it/s]
Permutations:  72%|███████▏  | 715/1000 [03:52<01:30,  3.15it/s]
Permutations:  72%|███████▏  | 716/1000 [03:52<01:32,  3.08it/s]
Permutations:  72%|███████▏  | 717/1000 [03:52<01:34,  3.01it/s]
Permutations:  72%|███████▏  | 718/1000 [03:53<01:36,  2.92it/s]
Permutations:  72%|███████▏  | 719/1000 [03:53<01:37,  2.89it/s]
Permutations:  72%|███████▏  | 720/1000 [03:53<01:36,  2.91it/s]
Permutations:  72%|███████▏  | 721/1000 [03:54<01:36,  2.90it/s]
Permutations:  72%|███████▏  | 722/1000 [03:54<01:37,  2.86it/s]
Permutations:  72%|███████▏  | 723/1000 [03:54<01:35,  2.89it/s]
Permutations:  72%|███████▏  | 724/1000 [03:55<01:36,  2.86it/s]
Permutations:  72%|███████▎  | 725/1000 [03:55<01:36,  2.85it/s]
Permutations:  73%|███████▎  | 726/1000 [03:56<01:34,  2.90it/s]
Permutations:  73%|███████▎  | 727/1000 [03:56<01:28,  3.07it/s]
Permutations:  73%|███████▎  | 728/1000 [03:56<01:24,  3.23it/s]
Permutations:  73%|███████▎  | 729/1000 [03:56<01:23,  3.26it/s]
Permutations:  73%|███████▎  | 730/1000 [03:57<01:22,  3.26it/s]
Permutations:  73%|███████▎  | 731/1000 [03:57<01:19,  3.37it/s]
Permutations:  73%|███████▎  | 732/1000 [03:57<01:24,  3.16it/s]
Permutations:  73%|███████▎  | 733/1000 [03:58<01:27,  3.06it/s]
Permutations:  73%|███████▎  | 734/1000 [03:58<01:29,  2.96it/s]
Permutations:  74%|███████▎  | 735/1000 [03:58<01:31,  2.91it/s]
Permutations:  74%|███████▎  | 736/1000 [03:59<01:32,  2.85it/s]
Permutations:  74%|███████▎  | 737/1000 [03:59<01:32,  2.83it/s]
Permutations:  74%|███████▍  | 738/1000 [03:59<01:33,  2.79it/s]
Permutations:  74%|███████▍  | 739/1000 [04:00<01:33,  2.78it/s]
Permutations:  74%|███████▍  | 740/1000 [04:00<01:31,  2.86it/s]
Permutations:  74%|███████▍  | 741/1000 [04:00<01:27,  2.96it/s]
Permutations:  74%|███████▍  | 742/1000 [04:01<01:27,  2.95it/s]
Permutations:  74%|███████▍  | 743/1000 [04:01<01:29,  2.87it/s]
Permutations:  74%|███████▍  | 744/1000 [04:02<01:30,  2.84it/s]
Permutations:  74%|███████▍  | 745/1000 [04:02<01:29,  2.86it/s]
Permutations:  75%|███████▍  | 746/1000 [04:02<01:21,  3.11it/s]
Permutations:  75%|███████▍  | 747/1000 [04:03<01:24,  3.00it/s]
Permutations:  75%|███████▍  | 748/1000 [04:03<01:26,  2.91it/s]
Permutations:  75%|███████▍  | 749/1000 [04:03<01:27,  2.87it/s]
Permutations:  75%|███████▌  | 750/1000 [04:04<01:27,  2.86it/s]
Permutations:  75%|███████▌  | 751/1000 [04:04<01:27,  2.84it/s]
Permutations:  75%|███████▌  | 752/1000 [04:04<01:27,  2.83it/s]
Permutations:  75%|███████▌  | 753/1000 [04:05<01:27,  2.82it/s]
Permutations:  75%|███████▌  | 754/1000 [04:05<01:27,  2.80it/s]
Permutations:  76%|███████▌  | 755/1000 [04:05<01:23,  2.95it/s]
Permutations:  76%|███████▌  | 756/1000 [04:06<01:19,  3.05it/s]
Permutations:  76%|███████▌  | 757/1000 [04:06<01:21,  2.98it/s]
Permutations:  76%|███████▌  | 758/1000 [04:06<01:21,  2.97it/s]
Permutations:  76%|███████▌  | 759/1000 [04:07<01:22,  2.92it/s]
Permutations:  76%|███████▌  | 760/1000 [04:07<01:23,  2.87it/s]
Permutations:  76%|███████▌  | 761/1000 [04:07<01:16,  3.11it/s]
Permutations:  76%|███████▌  | 762/1000 [04:08<01:18,  3.02it/s]
Permutations:  76%|███████▋  | 763/1000 [04:08<01:20,  2.96it/s]
Permutations:  76%|███████▋  | 764/1000 [04:08<01:18,  3.02it/s]
Permutations:  76%|███████▋  | 765/1000 [04:09<01:19,  2.94it/s]
Permutations:  77%|███████▋  | 766/1000 [04:09<01:21,  2.87it/s]
Permutations:  77%|███████▋  | 767/1000 [04:09<01:19,  2.91it/s]
Permutations:  77%|███████▋  | 768/1000 [04:10<01:13,  3.15it/s]
Permutations:  77%|███████▋  | 769/1000 [04:10<01:14,  3.09it/s]
Permutations:  77%|███████▋  | 770/1000 [04:10<01:13,  3.14it/s]
Permutations:  77%|███████▋  | 771/1000 [04:11<01:08,  3.34it/s]
Permutations:  77%|███████▋  | 772/1000 [04:11<01:10,  3.25it/s]
Permutations:  77%|███████▋  | 773/1000 [04:11<01:12,  3.13it/s]
Permutations:  77%|███████▋  | 774/1000 [04:12<01:15,  3.01it/s]
Permutations:  78%|███████▊  | 775/1000 [04:12<01:15,  2.97it/s]
Permutations:  78%|███████▊  | 776/1000 [04:12<01:14,  3.01it/s]
Permutations:  78%|███████▊  | 777/1000 [04:13<01:09,  3.19it/s]
Permutations:  78%|███████▊  | 778/1000 [04:13<01:11,  3.10it/s]
Permutations:  78%|███████▊  | 779/1000 [04:13<01:12,  3.03it/s]
Permutations:  78%|███████▊  | 780/1000 [04:14<01:14,  2.97it/s]
Permutations:  78%|███████▊  | 781/1000 [04:14<01:21,  2.69it/s]
Permutations:  78%|███████▊  | 782/1000 [04:14<01:18,  2.78it/s]
Permutations:  78%|███████▊  | 783/1000 [04:15<01:15,  2.88it/s]
Permutations:  78%|███████▊  | 784/1000 [04:15<01:14,  2.92it/s]
Permutations:  78%|███████▊  | 785/1000 [04:15<01:14,  2.88it/s]
Permutations:  79%|███████▊  | 786/1000 [04:16<01:14,  2.88it/s]
Permutations:  79%|███████▊  | 787/1000 [04:16<01:12,  2.92it/s]
Permutations:  79%|███████▉  | 788/1000 [04:16<01:10,  3.01it/s]
Permutations:  79%|███████▉  | 789/1000 [04:17<01:11,  2.93it/s]
Permutations:  79%|███████▉  | 790/1000 [04:17<01:12,  2.90it/s]
Permutations:  79%|███████▉  | 791/1000 [04:17<01:13,  2.86it/s]
Permutations:  79%|███████▉  | 792/1000 [04:18<01:07,  3.06it/s]
Permutations:  79%|███████▉  | 793/1000 [04:18<01:06,  3.10it/s]
Permutations:  79%|███████▉  | 794/1000 [04:18<01:02,  3.32it/s]
Permutations:  80%|███████▉  | 795/1000 [04:19<00:59,  3.47it/s]
Permutations:  80%|███████▉  | 796/1000 [04:19<00:59,  3.43it/s]
Permutations:  80%|███████▉  | 797/1000 [04:19<01:01,  3.30it/s]
Permutations:  80%|███████▉  | 798/1000 [04:19<01:03,  3.18it/s]
Permutations:  80%|███████▉  | 799/1000 [04:20<01:04,  3.11it/s]
Permutations:  80%|████████  | 800/1000 [04:20<01:01,  3.23it/s]
Permutations:  80%|████████  | 801/1000 [04:20<01:02,  3.17it/s]
Permutations:  80%|████████  | 802/1000 [04:21<01:03,  3.13it/s]
Permutations:  80%|████████  | 803/1000 [04:21<01:04,  3.03it/s]
Permutations:  80%|████████  | 804/1000 [04:21<01:05,  2.99it/s]
Permutations:  80%|████████  | 805/1000 [04:22<01:05,  3.00it/s]
Permutations:  81%|████████  | 806/1000 [04:22<01:03,  3.08it/s]
Permutations:  81%|████████  | 807/1000 [04:22<01:05,  2.95it/s]
Permutations:  81%|████████  | 808/1000 [04:23<01:03,  3.01it/s]
Permutations:  81%|████████  | 809/1000 [04:23<01:00,  3.15it/s]
Permutations:  81%|████████  | 810/1000 [04:23<01:02,  3.05it/s]
Permutations:  81%|████████  | 811/1000 [04:24<01:03,  2.98it/s]
Permutations:  81%|████████  | 812/1000 [04:24<01:04,  2.94it/s]
Permutations:  81%|████████▏ | 813/1000 [04:24<01:04,  2.90it/s]
Permutations:  81%|████████▏ | 814/1000 [04:25<01:06,  2.81it/s]
Permutations:  82%|████████▏ | 815/1000 [04:25<01:05,  2.83it/s]
Permutations:  82%|████████▏ | 816/1000 [04:26<01:04,  2.84it/s]
Permutations:  82%|████████▏ | 817/1000 [04:26<01:04,  2.84it/s]
Permutations:  82%|████████▏ | 818/1000 [04:26<01:04,  2.83it/s]
Permutations:  82%|████████▏ | 819/1000 [04:27<01:03,  2.84it/s]
Permutations:  82%|████████▏ | 820/1000 [04:27<01:03,  2.84it/s]
Permutations:  82%|████████▏ | 821/1000 [04:27<01:03,  2.83it/s]
Permutations:  82%|████████▏ | 822/1000 [04:28<01:02,  2.84it/s]
Permutations:  82%|████████▏ | 823/1000 [04:28<01:00,  2.92it/s]
Permutations:  82%|████████▏ | 824/1000 [04:28<00:57,  3.07it/s]
Permutations:  82%|████████▎ | 825/1000 [04:29<00:58,  3.00it/s]
Permutations:  83%|████████▎ | 826/1000 [04:29<00:59,  2.94it/s]
Permutations:  83%|████████▎ | 827/1000 [04:29<00:58,  2.94it/s]
Permutations:  83%|████████▎ | 828/1000 [04:30<00:59,  2.89it/s]
Permutations:  83%|████████▎ | 829/1000 [04:30<00:58,  2.94it/s]
Permutations:  83%|████████▎ | 830/1000 [04:30<00:52,  3.22it/s]
Permutations:  83%|████████▎ | 831/1000 [04:31<00:51,  3.30it/s]
Permutations:  83%|████████▎ | 832/1000 [04:31<00:47,  3.52it/s]
Permutations:  83%|████████▎ | 833/1000 [04:31<00:49,  3.40it/s]
Permutations:  83%|████████▎ | 834/1000 [04:31<00:50,  3.28it/s]
Permutations:  84%|████████▎ | 835/1000 [04:32<00:48,  3.42it/s]
Permutations:  84%|████████▎ | 836/1000 [04:32<00:45,  3.62it/s]
Permutations:  84%|████████▎ | 837/1000 [04:32<00:43,  3.78it/s]
Permutations:  84%|████████▍ | 838/1000 [04:32<00:46,  3.47it/s]
Permutations:  84%|████████▍ | 839/1000 [04:33<00:46,  3.43it/s]
Permutations:  84%|████████▍ | 840/1000 [04:33<00:47,  3.34it/s]
Permutations:  84%|████████▍ | 841/1000 [04:33<00:44,  3.56it/s]
Permutations:  84%|████████▍ | 842/1000 [04:34<00:42,  3.75it/s]
Permutations:  84%|████████▍ | 843/1000 [04:34<00:40,  3.89it/s]
Permutations:  84%|████████▍ | 844/1000 [04:34<00:39,  3.99it/s]
Permutations:  84%|████████▍ | 845/1000 [04:34<00:38,  4.05it/s]
Permutations:  85%|████████▍ | 846/1000 [04:35<00:37,  4.12it/s]
Permutations:  85%|████████▍ | 847/1000 [04:35<00:36,  4.17it/s]
Permutations:  85%|████████▍ | 848/1000 [04:35<00:36,  4.22it/s]
Permutations:  85%|████████▍ | 849/1000 [04:35<00:35,  4.24it/s]
Permutations:  85%|████████▌ | 850/1000 [04:35<00:35,  4.26it/s]
Permutations:  85%|████████▌ | 851/1000 [04:36<00:34,  4.27it/s]
Permutations:  85%|████████▌ | 852/1000 [04:36<00:34,  4.28it/s]
Permutations:  85%|████████▌ | 853/1000 [04:36<00:34,  4.29it/s]
Permutations:  85%|████████▌ | 854/1000 [04:36<00:34,  4.29it/s]
Permutations:  86%|████████▌ | 855/1000 [04:37<00:33,  4.29it/s]
Permutations:  86%|████████▌ | 856/1000 [04:37<00:33,  4.30it/s]
Permutations:  86%|████████▌ | 857/1000 [04:37<00:33,  4.29it/s]
Permutations:  86%|████████▌ | 858/1000 [04:37<00:33,  4.30it/s]
Permutations:  86%|████████▌ | 859/1000 [04:38<00:32,  4.29it/s]
Permutations:  86%|████████▌ | 860/1000 [04:38<00:32,  4.29it/s]
Permutations:  86%|████████▌ | 861/1000 [04:38<00:32,  4.29it/s]
Permutations:  86%|████████▌ | 862/1000 [04:38<00:32,  4.30it/s]
Permutations:  86%|████████▋ | 863/1000 [04:38<00:32,  4.26it/s]
Permutations:  86%|████████▋ | 864/1000 [04:39<00:32,  4.18it/s]
Permutations:  86%|████████▋ | 865/1000 [04:39<00:33,  4.02it/s]
Permutations:  87%|████████▋ | 866/1000 [04:40<00:44,  2.99it/s]
Permutations:  87%|████████▋ | 867/1000 [04:40<00:44,  2.99it/s]
Permutations:  87%|████████▋ | 868/1000 [04:40<00:43,  3.02it/s]
Permutations:  87%|████████▋ | 869/1000 [04:40<00:40,  3.26it/s]
Permutations:  87%|████████▋ | 870/1000 [04:41<00:37,  3.46it/s]
Permutations:  87%|████████▋ | 871/1000 [04:41<00:36,  3.58it/s]
Permutations:  87%|████████▋ | 872/1000 [04:41<00:38,  3.34it/s]
Permutations:  87%|████████▋ | 873/1000 [04:42<00:39,  3.19it/s]
Permutations:  87%|████████▋ | 874/1000 [04:42<00:40,  3.11it/s]
Permutations:  88%|████████▊ | 875/1000 [04:42<00:40,  3.08it/s]
Permutations:  88%|████████▊ | 876/1000 [04:43<00:39,  3.12it/s]
Permutations:  88%|████████▊ | 877/1000 [04:43<00:39,  3.10it/s]
Permutations:  88%|████████▊ | 878/1000 [04:43<00:38,  3.17it/s]
Permutations:  88%|████████▊ | 879/1000 [04:44<00:38,  3.11it/s]
Permutations:  88%|████████▊ | 880/1000 [04:44<00:37,  3.20it/s]
Permutations:  88%|████████▊ | 881/1000 [04:44<00:37,  3.21it/s]
Permutations:  88%|████████▊ | 882/1000 [04:45<00:37,  3.11it/s]
Permutations:  88%|████████▊ | 883/1000 [04:45<00:35,  3.29it/s]
Permutations:  88%|████████▊ | 884/1000 [04:45<00:35,  3.31it/s]
Permutations:  88%|████████▊ | 885/1000 [04:45<00:36,  3.19it/s]
Permutations:  89%|████████▊ | 886/1000 [04:46<00:36,  3.08it/s]
Permutations:  89%|████████▊ | 887/1000 [04:46<00:37,  3.01it/s]
Permutations:  89%|████████▉ | 888/1000 [04:47<00:40,  2.79it/s]
Permutations:  89%|████████▉ | 889/1000 [04:47<00:38,  2.85it/s]
Permutations:  89%|████████▉ | 890/1000 [04:47<00:38,  2.87it/s]
Permutations:  89%|████████▉ | 891/1000 [04:48<00:37,  2.87it/s]
Permutations:  89%|████████▉ | 892/1000 [04:48<00:39,  2.77it/s]
Permutations:  89%|████████▉ | 893/1000 [04:48<00:38,  2.81it/s]
Permutations:  89%|████████▉ | 894/1000 [04:49<00:37,  2.82it/s]
Permutations:  90%|████████▉ | 895/1000 [04:49<00:34,  3.06it/s]
Permutations:  90%|████████▉ | 896/1000 [04:49<00:34,  2.99it/s]
Permutations:  90%|████████▉ | 897/1000 [04:50<00:34,  2.95it/s]
Permutations:  90%|████████▉ | 898/1000 [04:50<00:34,  2.92it/s]
Permutations:  90%|████████▉ | 899/1000 [04:50<00:34,  2.90it/s]
Permutations:  90%|█████████ | 900/1000 [04:51<00:33,  2.98it/s]
Permutations:  90%|█████████ | 901/1000 [04:51<00:33,  2.93it/s]
Permutations:  90%|█████████ | 902/1000 [04:51<00:33,  2.93it/s]
Permutations:  90%|█████████ | 903/1000 [04:52<00:33,  2.90it/s]
Permutations:  90%|█████████ | 904/1000 [04:52<00:33,  2.86it/s]
Permutations:  90%|█████████ | 905/1000 [04:52<00:29,  3.18it/s]
Permutations:  91%|█████████ | 906/1000 [04:53<00:27,  3.44it/s]
Permutations:  91%|█████████ | 907/1000 [04:53<00:27,  3.40it/s]
Permutations:  91%|█████████ | 908/1000 [04:53<00:26,  3.51it/s]
Permutations:  91%|█████████ | 909/1000 [04:53<00:27,  3.30it/s]
Permutations:  91%|█████████ | 910/1000 [04:54<00:28,  3.15it/s]
Permutations:  91%|█████████ | 911/1000 [04:54<00:27,  3.27it/s]
Permutations:  91%|█████████ | 912/1000 [04:54<00:28,  3.13it/s]
Permutations:  91%|█████████▏| 913/1000 [04:55<00:28,  3.06it/s]
Permutations:  91%|█████████▏| 914/1000 [04:55<00:28,  3.00it/s]
Permutations:  92%|█████████▏| 915/1000 [04:55<00:29,  2.91it/s]
Permutations:  92%|█████████▏| 916/1000 [04:56<00:28,  2.93it/s]
Permutations:  92%|█████████▏| 917/1000 [04:56<00:27,  3.02it/s]
Permutations:  92%|█████████▏| 918/1000 [04:56<00:26,  3.11it/s]
Permutations:  92%|█████████▏| 919/1000 [04:57<00:25,  3.14it/s]
Permutations:  92%|█████████▏| 920/1000 [04:57<00:26,  3.01it/s]
Permutations:  92%|█████████▏| 921/1000 [04:57<00:26,  2.96it/s]
Permutations:  92%|█████████▏| 922/1000 [04:58<00:26,  2.93it/s]
Permutations:  92%|█████████▏| 923/1000 [04:58<00:26,  2.90it/s]
Permutations:  92%|█████████▏| 924/1000 [04:59<00:26,  2.85it/s]
Permutations:  92%|█████████▎| 925/1000 [04:59<00:26,  2.87it/s]
Permutations:  93%|█████████▎| 926/1000 [04:59<00:25,  2.96it/s]
Permutations:  93%|█████████▎| 927/1000 [04:59<00:24,  3.03it/s]
Permutations:  93%|█████████▎| 928/1000 [05:00<00:24,  3.00it/s]
Permutations:  93%|█████████▎| 929/1000 [05:00<00:23,  3.03it/s]
Permutations:  93%|█████████▎| 930/1000 [05:00<00:23,  2.99it/s]
Permutations:  93%|█████████▎| 931/1000 [05:01<00:23,  2.98it/s]
Permutations:  93%|█████████▎| 932/1000 [05:01<00:22,  3.03it/s]
Permutations:  93%|█████████▎| 933/1000 [05:01<00:22,  3.00it/s]
Permutations:  93%|█████████▎| 934/1000 [05:02<00:22,  2.97it/s]
Permutations:  94%|█████████▎| 935/1000 [05:02<00:22,  2.95it/s]
Permutations:  94%|█████████▎| 936/1000 [05:03<00:21,  2.93it/s]
Permutations:  94%|█████████▎| 937/1000 [05:03<00:21,  2.91it/s]
Permutations:  94%|█████████▍| 938/1000 [05:03<00:21,  2.91it/s]
Permutations:  94%|█████████▍| 939/1000 [05:04<00:20,  2.96it/s]
Permutations:  94%|█████████▍| 940/1000 [05:04<00:19,  3.01it/s]
Permutations:  94%|█████████▍| 941/1000 [05:04<00:19,  2.99it/s]
Permutations:  94%|█████████▍| 942/1000 [05:04<00:18,  3.20it/s]
Permutations:  94%|█████████▍| 943/1000 [05:05<00:18,  3.08it/s]
Permutations:  94%|█████████▍| 944/1000 [05:05<00:18,  3.04it/s]
Permutations:  94%|█████████▍| 945/1000 [05:05<00:18,  3.00it/s]
Permutations:  95%|█████████▍| 946/1000 [05:06<00:18,  2.97it/s]
Permutations:  95%|█████████▍| 947/1000 [05:06<00:18,  2.89it/s]
Permutations:  95%|█████████▍| 948/1000 [05:07<00:17,  2.91it/s]
Permutations:  95%|█████████▍| 949/1000 [05:07<00:17,  2.92it/s]
Permutations:  95%|█████████▌| 950/1000 [05:07<00:17,  2.91it/s]
Permutations:  95%|█████████▌| 951/1000 [05:08<00:16,  2.93it/s]
Permutations:  95%|█████████▌| 952/1000 [05:08<00:16,  2.98it/s]
Permutations:  95%|█████████▌| 953/1000 [05:08<00:15,  3.04it/s]
Permutations:  95%|█████████▌| 954/1000 [05:09<00:15,  3.03it/s]
Permutations:  96%|█████████▌| 955/1000 [05:09<00:14,  3.00it/s]
Permutations:  96%|█████████▌| 956/1000 [05:09<00:15,  2.90it/s]
Permutations:  96%|█████████▌| 957/1000 [05:10<00:14,  3.04it/s]
Permutations:  96%|█████████▌| 958/1000 [05:10<00:13,  3.19it/s]
Permutations:  96%|█████████▌| 959/1000 [05:10<00:13,  3.09it/s]
Permutations:  96%|█████████▌| 960/1000 [05:10<00:12,  3.26it/s]
Permutations:  96%|█████████▌| 961/1000 [05:11<00:12,  3.16it/s]
Permutations:  96%|█████████▌| 962/1000 [05:11<00:12,  3.02it/s]
Permutations:  96%|█████████▋| 963/1000 [05:12<00:12,  2.93it/s]
Permutations:  96%|█████████▋| 964/1000 [05:12<00:12,  2.81it/s]
Permutations:  96%|█████████▋| 965/1000 [05:12<00:12,  2.74it/s]
Permutations:  97%|█████████▋| 966/1000 [05:13<00:12,  2.75it/s]
Permutations:  97%|█████████▋| 967/1000 [05:13<00:11,  2.81it/s]
Permutations:  97%|█████████▋| 968/1000 [05:13<00:11,  2.82it/s]
Permutations:  97%|█████████▋| 969/1000 [05:14<00:11,  2.80it/s]
Permutations:  97%|█████████▋| 970/1000 [05:14<00:10,  2.81it/s]
Permutations:  97%|█████████▋| 971/1000 [05:14<00:10,  2.85it/s]
Permutations:  97%|█████████▋| 972/1000 [05:15<00:09,  3.03it/s]
Permutations:  97%|█████████▋| 973/1000 [05:15<00:08,  3.25it/s]
Permutations:  97%|█████████▋| 974/1000 [05:15<00:08,  3.17it/s]
Permutations:  98%|█████████▊| 975/1000 [05:16<00:07,  3.13it/s]
Permutations:  98%|█████████▊| 976/1000 [05:16<00:07,  3.20it/s]
Permutations:  98%|█████████▊| 977/1000 [05:16<00:07,  3.11it/s]
Permutations:  98%|█████████▊| 978/1000 [05:17<00:07,  3.02it/s]
Permutations:  98%|█████████▊| 979/1000 [05:17<00:07,  2.95it/s]
Permutations:  98%|█████████▊| 980/1000 [05:17<00:06,  2.87it/s]
Permutations:  98%|█████████▊| 981/1000 [05:18<00:06,  2.86it/s]
Permutations:  98%|█████████▊| 982/1000 [05:18<00:06,  2.93it/s]
Permutations:  98%|█████████▊| 983/1000 [05:18<00:05,  2.93it/s]
Permutations:  98%|█████████▊| 984/1000 [05:19<00:05,  2.95it/s]
Permutations:  98%|█████████▊| 985/1000 [05:19<00:05,  2.98it/s]
Permutations:  99%|█████████▊| 986/1000 [05:19<00:05,  2.71it/s]
Permutations:  99%|█████████▊| 987/1000 [05:20<00:04,  2.78it/s]
Permutations:  99%|█████████▉| 988/1000 [05:20<00:04,  2.96it/s]
Permutations:  99%|█████████▉| 989/1000 [05:20<00:03,  2.85it/s]
Permutations:  99%|█████████▉| 990/1000 [05:21<00:03,  2.78it/s]
Permutations:  99%|█████████▉| 991/1000 [05:21<00:03,  2.70it/s]
Permutations:  99%|█████████▉| 992/1000 [05:22<00:02,  2.70it/s]
Permutations:  99%|█████████▉| 993/1000 [05:22<00:02,  2.72it/s]
Permutations:  99%|█████████▉| 994/1000 [05:22<00:02,  2.78it/s]
Permutations: 100%|█████████▉| 995/1000 [05:23<00:01,  2.81it/s]
Permutations: 100%|█████████▉| 996/1000 [05:23<00:01,  2.85it/s]
Permutations: 100%|█████████▉| 997/1000 [05:23<00:01,  2.86it/s]
Permutations: 100%|█████████▉| 998/1000 [05:24<00:00,  2.98it/s]
Permutations: 100%|█████████▉| 999/1000 [05:24<00:00,  3.12it/s]
Permutations: 100%|██████████| 1000/1000 [05:24<00:00,  3.28it/s]
Permutations: 100%|██████████| 1000/1000 [05:24<00:00,  3.08it/s]
Traceback (most recent call last):
  File "/data/users/goodarzilab/shervin/182-GNN_SAE/sae/analyze_feature_significance.py", line 599, in <module>
    main()
  File "/data/users/goodarzilab/shervin/182-GNN_SAE/sae/analyze_feature_significance.py", line 567, in main
    plot_correlation_distributions(df_corr, output_dir)
  File "/data/users/goodarzilab/shervin/182-GNN_SAE/sae/analyze_feature_significance.py", line 324, in plot_correlation_distributions
    motif_pr = df_pr[df_pr['motif'] == motif]
                     ~~~~~^^^^^^^^^
  File "/data/users/goodarzilab/shervin/miniconda3/lib/python3.12/site-packages/pandas/core/frame.py", line 3896, in __getitem__
    indexer = self.columns.get_loc(key)
              ^^^^^^^^^^^^^^^^^^^^^^^^^
  File "/data/users/goodarzilab/shervin/miniconda3/lib/python3.12/site-packages/pandas/core/indexes/range.py", line 418, in get_loc
    raise KeyError(key)
KeyError: 'motif'

[2026-01-27 02:07:45] Warning: Feature significance analysis failed, but continuing...
[2026-01-27 02:07:45] Running: run_interpretability_experiments.py --variant topk
[2026-01-27 02:07:47] ✗ run_interpretability_experiments.py failed
[2026-01-27 02:07:47] Error: Traceback (most recent call last):
  File "/data/users/goodarzilab/shervin/miniconda3/lib/python3.12/site-packages/pandas/core/indexes/base.py", line 3790, in get_loc
    return self._engine.get_loc(casted_key)
           ^^^^^^^^^^^^^^^^^^^^^^^^^^^^^^^^
  File "index.pyx", line 152, in pandas._libs.index.IndexEngine.get_loc
  File "index.pyx", line 181, in pandas._libs.index.IndexEngine.get_loc
  File "pandas/_libs/hashtable_class_helper.pxi", line 7080, in pandas._libs.hashtable.PyObjectHashTable.get_item
  File "pandas/_libs/hashtable_class_helper.pxi", line 7088, in pandas._libs.hashtable.PyObjectHashTable.get_item
KeyError: 'feature'

The above exception was the direct cause of the following exception:

Traceback (most recent call last):
  File "/data/users/goodarzilab/shervin/182-GNN_SAE/sae/run_interpretability_experiments.py", line 682, in <module>
    main()
  File "/data/users/goodarzilab/shervin/182-GNN_SAE/sae/run_interpretability_experiments.py", line 547, in main
    motif_features, non_filtered_features, filtered_df = load_correlation_data(args.min_rpb, args.variant)
                                                         ^^^^^^^^^^^^^^^^^^^^^^^^^^^^^^^^^^^^^^^^^^^^^^^^^
  File "/data/users/goodarzilab/shervin/182-GNN_SAE/sae/run_interpretability_experiments.py", line 104, in load_correlation_data
    features = filtered_df[filtered_df['motif'] == motif_raw]['feature'].tolist()
               ~~~~~~~~~~~~~~~~~~~~~~~~~~~~~~~~~~~~~~~~~~~~~~^^^^^^^^^^^
  File "/data/users/goodarzilab/shervin/miniconda3/lib/python3.12/site-packages/pandas/core/frame.py", line 3896, in __getitem__
    indexer = self.columns.get_loc(key)
              ^^^^^^^^^^^^^^^^^^^^^^^^^
  File "/data/users/goodarzilab/shervin/miniconda3/lib/python3.12/site-packages/pandas/core/indexes/base.py", line 3797, in get_loc
    raise KeyError(key) from err
KeyError: 'feature'

[2026-01-27 02:07:47] 
======================================================================
[2026-01-27 02:07:47] PHASE 3b: NATIVE GNN ABLATIONS
[2026-01-27 02:07:47] ======================================================================

[2026-01-27 02:07:47] ERROR: Phase 3a config not found. Run Phase 3a first.
[2026-01-27 02:07:47] 
======================================================================
[2026-01-27 02:07:47] PHASE 3c: ABLATION STRATEGY COMPARISON
[2026-01-27 02:07:47] ======================================================================

[2026-01-27 02:07:47] Using best variant from Phase 2: topk
[2026-01-27 02:07:47] Running: compare_ablation_strategies.py --motif-mode --variant topk
[2026-01-27 02:07:49] ✓ compare_ablation_strategies.py completed successfully
[2026-01-27 02:07:49] ======================================================================
ABLATION STRATEGY COMPARISON: SAE Latent vs Native GNN
======================================================================

======================================================================
MOTIF-GROUP LEVEL COMPARISON (Phase 3c Mode)
======================================================================

----------------------------------------------------------------------
Variant: TOPK
----------------------------------------------------------------------

  Feedback Loop... ⚠ Missing results

  Cascade... ⚠ Missing results

  Feedforward Loop... ⚠ Missing results

  Single Input Module... ⚠ Missing results

======================================================================
SAVING MOTIF-LEVEL SUMMARY
======================================================================

✓ Motif-group comparison complete!
   Outputs saved to: outputs/ablation_strategy_comparison/

[2026-01-27 02:07:49] 
======================================================================
[2026-01-27 02:07:49] PHASE 3d: MIXED-MOTIF GENERALIZATION
[2026-01-27 02:07:49] ======================================================================

[2026-01-27 02:07:49] Running: generate_mixed_motif_activations.py 
[2026-01-27 02:07:59] ✓ generate_mixed_motif_activations.py completed successfully
[2026-01-27 02:07:59] ======================================================================
GENERATING ACTIVATIONS FOR MIXED-MOTIF GRAPHS
======================================================================
Using device: cuda
Detected architecture: hidden_dim1=80, hidden_dim2=80
Loaded GNN model from checkpoints/gnn_model.pt

Found 1000 mixed-motif graphs
Range: graph_4000 to graph_4999

Generating activations...

======================================================================
SUMMARY
======================================================================
Total graphs processed: 1000
Successfully saved: 1000
Failed: 0

Activations saved to: outputs/activations/layer3_new/mixed/
Expected shape per graph: (n_nodes, 64)

Sample verification (graph_4500):
  Shape: torch.Size([10, 80])
  Mean: 0.0000
  Std: 0.0000

======================================================================
COMPLETE
======================================================================

[2026-01-27 02:07:59] Mixed-motif generalization requires manual feature selection
[2026-01-27 02:07:59] Please run run_ablation.py and native_gnn_ablation.py with --use_mixed_motifs
[2026-01-27 02:07:59] 
======================================================================
[2026-01-27 02:07:59] PIPELINE COMPLETE
[2026-01-27 02:07:59] ======================================================================
[2026-01-27 02:07:59] Log saved to: outputs/pipeline_logs/pipeline_20260127_020210.log
