[2026-01-27 07:20:04] ======================================================================
[2026-01-27 07:20:04] MULTI-GPU SAE PIPELINE
[2026-01-27 07:20:04] ======================================================================
[2026-01-27 07:20:04] GPUs: [0, 1, 2, 3]
[2026-01-27 07:20:04] Phases: 2.5 to 2.5
[2026-01-27 07:20:04] Log: outputs/pipeline_logs/pipeline_20260127_072004.log

[2026-01-27 07:20:04] Checking prerequisites...
[2026-01-27 07:20:04]   ✓ Train: 3200 files
[2026-01-27 07:20:04]   ✓ Val: 400 files
[2026-01-27 07:20:04]   ✓ Test: 400 files
[2026-01-27 07:20:05]   ✓ Found 4 CUDA devices
[2026-01-27 07:20:05]     GPU 0: NVIDIA TITAN V
[2026-01-27 07:20:05]     GPU 1: NVIDIA TITAN V
[2026-01-27 07:20:05]     GPU 2: NVIDIA TITAN V
[2026-01-27 07:20:05]     GPU 3: NVIDIA TITAN V
[2026-01-27 07:20:05] ✓ All prerequisites met
[2026-01-27 07:20:05] 
======================================================================
[2026-01-27 07:20:05] PHASE 2.5: CROSS-VARIANT COMPARISON
[2026-01-27 07:20:05] ======================================================================

[2026-01-27 07:20:05] Running: compare_sae_variants.py 
[2026-01-27 07:20:10] ✗ compare_sae_variants.py failed
[2026-01-27 07:20:10] Error: Traceback (most recent call last):
  File "/data/users/goodarzilab/shervin/182-GNN_SAE/sae/compare_sae_variants.py", line 457, in <module>
    main()
  File "/data/users/goodarzilab/shervin/182-GNN_SAE/sae/compare_sae_variants.py", line 439, in main
    report_text = create_summary_report(comparison_df)
                  ^^^^^^^^^^^^^^^^^^^^^^^^^^^^^^^^^^^^
  File "/data/users/goodarzilab/shervin/182-GNN_SAE/sae/compare_sae_variants.py", line 374, in create_summary_report
    best_recon = comparison_df.loc[comparison_df['test_mse'].idxmin()]
                 ~~~~~~~~~~~~~~~~~^^^^^^^^^^^^^^^^^^^^^^^^^^^^^^^^^^^^
  File "/data/users/goodarzilab/shervin/miniconda3/lib/python3.12/site-packages/pandas/core/indexing.py", line 1153, in __getitem__
    return self._getitem_axis(maybe_callable, axis=axis)
           ^^^^^^^^^^^^^^^^^^^^^^^^^^^^^^^^^^^^^^^^^^^^^
  File "/data/users/goodarzilab/shervin/miniconda3/lib/python3.12/site-packages/pandas/core/indexing.py", line 1393, in _getitem_axis
    return self._get_label(key, axis=axis)
           ^^^^^^^^^^^^^^^^^^^^^^^^^^^^^^^
  File "/data/users/goodarzilab/shervin/miniconda3/lib/python3.12/site-packages/pandas/core/indexing.py", line 1343, in _get_label
    return self.obj.xs(label, axis=axis)
           ^^^^^^^^^^^^^^^^^^^^^^^^^^^^^
  File "/data/users/goodarzilab/shervin/miniconda3/lib/python3.12/site-packages/pandas/core/generic.py", line 4236, in xs
    loc = index.get_loc(key)
          ^^^^^^^^^^^^^^^^^^
  File "/data/users/goodarzilab/shervin/miniconda3/lib/python3.12/site-packages/pandas/core/indexes/range.py", line 418, in get_loc
    raise KeyError(key)
KeyError: nan

[2026-01-27 07:20:10] 
======================================================================
[2026-01-27 07:20:10] PIPELINE COMPLETE
[2026-01-27 07:20:10] ======================================================================
[2026-01-27 07:20:10] Log saved to: outputs/pipeline_logs/pipeline_20260127_072004.log
