[2026-01-28 07:18:36] ======================================================================
[2026-01-28 07:18:36] MULTI-GPU SAE PIPELINE
[2026-01-28 07:18:36] ======================================================================
[2026-01-28 07:18:36] GPUs: [0, 1, 2, 3]
[2026-01-28 07:18:36] Phases: 1 to 1
[2026-01-28 07:18:36] Log: outputs/pipeline_logs/pipeline_20260128_071836.log

[2026-01-28 07:18:36] Checking prerequisites...
[2026-01-28 07:18:36]   ✓ Train: 3200 files
[2026-01-28 07:18:36]   ✓ Val: 400 files
[2026-01-28 07:18:36]   ✓ Test: 400 files
[2026-01-28 07:18:36]   ✓ Found 4 CUDA devices
[2026-01-28 07:18:36]     GPU 0: NVIDIA TITAN V
[2026-01-28 07:18:36]     GPU 1: NVIDIA TITAN V
[2026-01-28 07:18:36]     GPU 2: NVIDIA TITAN V
[2026-01-28 07:18:36]     GPU 3: NVIDIA TITAN V
[2026-01-28 07:18:36] ✓ All prerequisites met
[2026-01-28 07:18:36] 
======================================================================
[2026-01-28 07:18:36] PHASE 1: PARALLEL SAE TRAINING
[2026-01-28 07:18:36] ======================================================================
[2026-01-28 07:18:36] Skipping 30 already trained configs
[2026-01-28 07:18:36] All configurations already trained!
[2026-01-28 07:18:36] 
======================================================================
[2026-01-28 07:18:36] PIPELINE COMPLETE
[2026-01-28 07:18:36] ======================================================================
[2026-01-28 07:18:36] Log saved to: outputs/pipeline_logs/pipeline_20260128_071836.log
