[2026-01-26 21:27:17] ======================================================================
[2026-01-26 21:27:17] MULTI-GPU SAE PIPELINE
[2026-01-26 21:27:17] ======================================================================
[2026-01-26 21:27:17] GPUs: [0, 1, 2, 3]
[2026-01-26 21:27:17] Phases: 2 to 2
[2026-01-26 21:27:17] Log: outputs/pipeline_logs/pipeline_20260126_212717.log

[2026-01-26 21:27:17] Checking prerequisites...
[2026-01-26 21:27:17]   ✓ Train: 3200 files
[2026-01-26 21:27:17]   ✓ Val: 400 files
[2026-01-26 21:27:17]   ✓ Test: 400 files
[2026-01-26 21:27:18]   ✓ Found 4 CUDA devices
[2026-01-26 21:27:18]     GPU 0: NVIDIA TITAN V
[2026-01-26 21:27:18]     GPU 1: NVIDIA TITAN V
[2026-01-26 21:27:18]     GPU 2: NVIDIA TITAN V
[2026-01-26 21:27:18]     GPU 3: NVIDIA TITAN V
[2026-01-26 21:27:18] ✓ All prerequisites met
[2026-01-26 21:27:18] 
======================================================================
[2026-01-26 21:27:18] PHASE 2: CONFIGURATION COMPARISON
[2026-01-26 21:27:18] ======================================================================

[2026-01-26 21:27:18] Running: compare_sae_configs.py 
[2026-01-26 21:28:27] ✓ compare_sae_configs.py completed successfully
[2026-01-26 21:28:27] ======================================================================
SAE HYPERPARAMETER COMPARISON
======================================================================

Testing 30 configurations across all variants...
NOTE: Skipping significance testing for speed
RANKING METRIC: max_rpb_abs

======================================================================
VARIANT: TOPK
======================================================================

Analyzing: latent_dim=128, k=4 (3.12% active)

✓ Cached latents to outputs/latent_cache/latents_topk_latent128_k4.pkl
  Size: 4000 nodes × 128 latent dims
  This avoids re-encoding during Phase 4a (latent caching optimization)
  Skipping significance testing...
  ✓ Max |rpb|: 0.343
  ✓ Best F1: 0.312
  ✓ Composite score: 0.468

Analyzing: latent_dim=128, k=8 (6.25% active)

✓ Cached latents to outputs/latent_cache/latents_topk_latent128_k8.pkl
  Size: 4000 nodes × 128 latent dims
  This avoids re-encoding during Phase 4a (latent caching optimization)
  Skipping significance testing...
  ✓ Max |rpb|: 0.401
  ✓ Best F1: 0.315
  ✓ Composite score: 0.545

Analyzing: latent_dim=128, k=16 (12.50% active)

✓ Cached latents to outputs/latent_cache/latents_topk_latent128_k16.pkl
  Size: 4000 nodes × 128 latent dims
  This avoids re-encoding during Phase 4a (latent caching optimization)
  Skipping significance testing...
  ✓ Max |rpb|: 0.727
  ✓ Best F1: 0.315
  ✓ Composite score: 0.664

Analyzing: latent_dim=256, k=4 (1.56% active)

✓ Cached latents to outputs/latent_cache/latents_topk_latent256_k4.pkl
  Size: 4000 nodes × 256 latent dims
  This avoids re-encoding during Phase 4a (latent caching optimization)
  Skipping significance testing...
  ✓ Max |rpb|: 0.425
  ✓ Best F1: 0.313
  ✓ Composite score: 0.542

Analyzing: latent_dim=256, k=8 (3.12% active)

✓ Cached latents to outputs/latent_cache/latents_topk_latent256_k8.pkl
  Size: 4000 nodes × 256 latent dims
  This avoids re-encoding during Phase 4a (latent caching optimization)
  Skipping significance testing...
  ✓ Max |rpb|: 0.490
  ✓ Best F1: 0.317
  ✓ Composite score: 0.615

Analyzing: latent_dim=256, k=16 (6.25% active)

✓ Cached latents to outputs/latent_cache/latents_topk_latent256_k16.pkl
  Size: 4000 nodes × 256 latent dims
  This avoids re-encoding during Phase 4a (latent caching optimization)
  Skipping significance testing...
  ✓ Max |rpb|: 0.735
  ✓ Best F1: 0.317
  ✓ Composite score: 0.639

Analyzing: latent_dim=256, k=32 (12.50% active)

✓ Cached latents to outputs/latent_cache/latents_topk_latent256_k32.pkl
  Size: 4000 nodes × 256 latent dims
  This avoids re-encoding during Phase 4a (latent caching optimization)
  Skipping significance testing...
  ✓ Max |rpb|: 0.728
  ✓ Best F1: 0.320
  ✓ Composite score: 0.664

Analyzing: latent_dim=512, k=4 (0.78% active)

✓ Cached latents to outputs/latent_cache/latents_topk_latent512_k4.pkl
  Size: 4000 nodes × 512 latent dims
  This avoids re-encoding during Phase 4a (latent caching optimization)
  Skipping significance testing...
  ✓ Max |rpb|: 0.540
  ✓ Best F1: 0.307
  ✓ Composite score: 0.613

Analyzing: latent_dim=512, k=8 (1.56% active)

✓ Cached latents to outputs/latent_cache/latents_topk_latent512_k8.pkl
  Size: 4000 nodes × 512 latent dims
  This avoids re-encoding during Phase 4a (latent caching optimization)
  Skipping significance testing...
  ✓ Max |rpb|: 0.722
  ✓ Best F1: 0.312
  ✓ Composite score: 0.620

Analyzing: latent_dim=512, k=16 (3.12% active)

✓ Cached latents to outputs/latent_cache/latents_topk_latent512_k16.pkl
  Size: 4000 nodes × 512 latent dims
  This avoids re-encoding during Phase 4a (latent caching optimization)
  Skipping significance testing...
  ✓ Max |rpb|: 0.468
  ✓ Best F1: 0.313
  ✓ Composite score: 0.595

Analyzing: latent_dim=512, k=32 (6.25% active)

✓ Cached latents to outputs/latent_cache/latents_topk_latent512_k32.pkl
  Size: 4000 nodes × 512 latent dims
  This avoids re-encoding during Phase 4a (latent caching optimization)
  Skipping significance testing...
  ✓ Max |rpb|: 0.728
  ✓ Best F1: 0.317
  ✓ Composite score: 0.645

======================================================================
VARIANT: GATED
======================================================================

Analyzing: Gated SAE - latent_dim=128, sparsity_coef=1e-04
  ✓ Max |rpb|: 0.262
  ✓ Best F1: 0.186
  ✓ Composite score: 0.406

Analyzing: Gated SAE - latent_dim=128, sparsity_coef=5e-04
  ✓ Max |rpb|: 0.255
  ✓ Best F1: 0.186
  ✓ Composite score: 0.390

Analyzing: Gated SAE - latent_dim=128, sparsity_coef=1e-03
  ✓ Max |rpb|: 0.267
  ✓ Best F1: 0.206
  ✓ Composite score: 0.405

Analyzing: Gated SAE - latent_dim=256, sparsity_coef=1e-04
  ✓ Max |rpb|: 0.270
  ✓ Best F1: 0.198
  ✓ Composite score: 0.429

Analyzing: Gated SAE - latent_dim=256, sparsity_coef=5e-04
  ✓ Max |rpb|: 0.263
  ✓ Best F1: 0.187
  ✓ Composite score: 0.407

Analyzing: Gated SAE - latent_dim=256, sparsity_coef=1e-03
  ✓ Max |rpb|: 0.236
  ✓ Best F1: 0.151
  ✓ Composite score: 0.363

Analyzing: Gated SAE - latent_dim=512, sparsity_coef=1e-04
  ✓ Max |rpb|: 0.327
  ✓ Best F1: 0.280
  ✓ Composite score: 0.507

Analyzing: Gated SAE - latent_dim=512, sparsity_coef=5e-04
  ✓ Max |rpb|: 0.275
  ✓ Best F1: 0.214
  ✓ Composite score: 0.419

Analyzing: Gated SAE - latent_dim=512, sparsity_coef=1e-03
  ✓ Max |rpb|: 0.264
  ✓ Best F1: 0.194
  ✓ Composite score: 0.394

======================================================================
VARIANT: JUMPRELU
======================================================================

Analyzing: JumpReLU SAE - latent_dim=128, threshold_init=1e-02
  ✓ Max |rpb|: 0.467
  ✓ Best F1: 0.317
  ✓ Composite score: 0.702

Analyzing: JumpReLU SAE - latent_dim=128, threshold_init=1e-01
  ✓ Max |rpb|: 0.410
  ✓ Best F1: 0.315
  ✓ Composite score: 0.610

Analyzing: JumpReLU SAE - latent_dim=256, threshold_init=1e-02
  ✓ Max |rpb|: 0.594
  ✓ Best F1: 0.322
  ✓ Composite score: 0.738

Analyzing: JumpReLU SAE - latent_dim=256, threshold_init=1e-01
  ✓ Max |rpb|: 0.429
  ✓ Best F1: 0.320
  ✓ Composite score: 0.598

Analyzing: JumpReLU SAE - latent_dim=512, threshold_init=1e-02
  ✓ Max |rpb|: 0.651
  ✓ Best F1: 0.320
  ✓ Composite score: 0.737

Analyzing: JumpReLU SAE - latent_dim=512, threshold_init=1e-01
  ✓ Max |rpb|: 0.458
  ✓ Best F1: 0.317
  ✓ Composite score: 0.626

======================================================================
VARIANT: SWITCH
======================================================================

Analyzing: Switch SAE - experts=4, latent_per_expert=64, k=8
  ✓ Max |rpb|: 0.475
  ✓ Best F1: 0.322
  ✓ Composite score: 0.601

Analyzing: Switch SAE - experts=4, latent_per_expert=128, k=16
  ✓ Max |rpb|: 0.594
  ✓ Best F1: 0.317
  ✓ Composite score: 0.627

Analyzing: Switch SAE - experts=8, latent_per_expert=64, k=8
  ✓ Max |rpb|: 0.538
  ✓ Best F1: 0.300
  ✓ Composite score: 0.613

Analyzing: Switch SAE - experts=8, latent_per_expert=128, k=16
  ✓ Max |rpb|: 0.732
  ✓ Best F1: 0.307
  ✓ Composite score: 0.616
✓ Sorted configurations by max_rpb_abs

✓ Saved detailed results to outputs/sae_config_comparison.csv
✓ Saved correlation data to outputs/latent_correlations.csv
  Total feature-motif pairs: 12468
  Significant pairs (p < 0.05): 9059

======================================================================
SUMMARY: Top 5 Configurations by Composite Score
======================================================================
 latent_dim    k  sparsity_pct  max_rpb_abs  best_f1  dead_feature_rate  composite_score
        256 16.0          6.25        0.735    0.317              0.812            0.639
       1024  NaN         12.50        0.732    0.307              0.942            0.616
        256 32.0         12.50        0.728    0.320              0.652            0.664
        512 32.0          6.25        0.728    0.317              0.771            0.645
        128 16.0         12.50        0.727    0.315              0.641            0.664

======================================================================
RECOMMENDED CONFIGURATION
======================================================================

  latent_dim = 256
  k = 16
  Sparsity: 6.25% (Medium capacity, moderate sparsity)

  Key Metrics:
    • Max correlation: |rpb| = 0.735
    • Best F1 score: 0.317
    • Active features: 48/256 (18.8%)
    • Composite score: 0.639

======================================================================
INTERPRETATION GUIDE
======================================================================

  Ranking Metric Used: max_rpb_abs

  Metric Descriptions:

    max_rpb_abs (Default):
      • Direct measure of feature-motif correlation strength
      • Simpler, more interpretable
      • Recommended for most use cases
      • Selects config with strongest feature-motif alignment

    composite_score:
      • Weighted combination: 50% max_rpb_abs + 35% F1 + 15% capacity
      • Balances effect size with predictive performance and efficiency
      • Use if you want to optimize for multiple factors simultaneously

  To use a different metric:
    python compare_sae_configs.py --metric composite_score

  Good Configuration Indicators:
    ✓ Max |rpb| > 0.3
    ✓ Best F1 > 0.3
    ✓ Dead feature rate < 0.5
    ✓ Composite score > 0.5 (if using composite_score metric)

  To use the recommended configuration, update your notebook:
    LATENT_DIM = 256
    K = 16
    

[2026-01-26 21:28:27] 
======================================================================
[2026-01-26 21:28:27] PIPELINE COMPLETE
[2026-01-26 21:28:27] ======================================================================
[2026-01-26 21:28:27] Log saved to: outputs/pipeline_logs/pipeline_20260126_212717.log
